#-----------------------------------------------------------
# Vivado v2019.1 (64-bit)
# SW Build 2552052 on Fri May 24 14:49:42 MDT 2019
# IP Build 2548770 on Fri May 24 18:01:18 MDT 2019
# Start of session at: Wed Apr  9 21:21:47 2025
# Process ID: 9164
# Current directory: F:/AD/experiment/ad9280_ethernet
# Command line: vivado.exe -gui_launcher_event rodinguilauncherevent38980 F:\AD\experiment\ad9280_ethernet\adc_ethernet.xpr
# Log file: F:/AD/experiment/ad9280_ethernet/vivado.log
# Journal file: F:/AD/experiment/ad9280_ethernet\vivado.jou
#-----------------------------------------------------------
start_gui
open_project F:/AD/experiment/ad9280_ethernet/adc_ethernet.xpr
INFO: [Project 1-313] Project file moved from 'F:/AD/experiment/01_demo_document/ad9280_ethernet' since last save.
Scanning sources...
Finished scanning sources
INFO: [IP_Flow 19-234] Refreshing IP repositories
INFO: [IP_Flow 19-1704] No user IP repositories specified
INFO: [IP_Flow 19-2313] Loaded Vivado IP repository 'E:/xilinx_SDK/Vivado/2019.1/data/ip'.
open_project: Time (s): cpu = 00:00:03 ; elapsed = 00:00:08 . Memory (MB): peak = 855.941 ; gain = 214.840
update_compile_order -fileset sources_1
set_property -dict [list CONFIG.scaling_options {block_floating_point} CONFIG.rounding_modes {convergent_rounding} CONFIG.xk_index {false}] [get_ips fft_ls]
generate_target all [get_files  F:/AD/experiment/ad9280_ethernet/adc_ethernet.srcs/sources_1/ip/fft_ls/fft_ls.xci]
INFO: [IP_Flow 19-1686] Generating 'Instantiation Template' target for IP 'fft_ls'...
INFO: [IP_Flow 19-1686] Generating 'Synthesis' target for IP 'fft_ls'...
INFO: [IP_Flow 19-1686] Generating 'Simulation' target for IP 'fft_ls'...
INFO: [IP_Flow 19-1686] Generating 'C Simulation' target for IP 'fft_ls'...
INFO: [IP_Flow 19-1686] Generating 'Test Bench' target for IP 'fft_ls'...
INFO: [IP_Flow 19-1686] Generating 'Change Log' target for IP 'fft_ls'...
export_ip_user_files -of_objects [get_files F:/AD/experiment/ad9280_ethernet/adc_ethernet.srcs/sources_1/ip/fft_ls/fft_ls.xci] -no_script -sync -force -quiet
reset_run fft_ls_synth_1
launch_runs -jobs 10 fft_ls_synth_1
[Thu Apr 10 10:41:21 2025] Launched fft_ls_synth_1...
Run output will be captured here: F:/AD/experiment/ad9280_ethernet/adc_ethernet.runs/fft_ls_synth_1/runme.log
export_simulation -of_objects [get_files F:/AD/experiment/ad9280_ethernet/adc_ethernet.srcs/sources_1/ip/fft_ls/fft_ls.xci] -directory F:/AD/experiment/ad9280_ethernet/ddr3_ov5640_an430_lcd.ip_user_files/sim_scripts -ip_user_files_dir F:/AD/experiment/ad9280_ethernet/ddr3_ov5640_an430_lcd.ip_user_files -ipstatic_source_dir F:/AD/experiment/ad9280_ethernet/ddr3_ov5640_an430_lcd.ip_user_files/ipstatic -lib_map_path [list {modelsim=F:/AD/experiment/ad9280_ethernet/adc_ethernet.cache/compile_simlib/modelsim} {questa=F:/AD/experiment/ad9280_ethernet/adc_ethernet.cache/compile_simlib/questa} {riviera=F:/AD/experiment/ad9280_ethernet/adc_ethernet.cache/compile_simlib/riviera} {activehdl=F:/AD/experiment/ad9280_ethernet/adc_ethernet.cache/compile_simlib/activehdl}] -use_ip_compiled_libs -force -quiet
close [ open F:/AD/experiment/ad9280_ethernet/adc_ethernet.srcs/sources_1/new/u_data_modulus.v w ]
add_files F:/AD/experiment/ad9280_ethernet/adc_ethernet.srcs/sources_1/new/u_data_modulus.v
update_compile_order -fileset sources_1
exit
INFO: [Common 17-206] Exiting Vivado at Thu Apr 10 15:19:27 2025...
