#-----------------------------------------------------------
# Vivado v2019.1 (64-bit)
# SW Build 2552052 on Fri May 24 14:49:42 MDT 2019
# IP Build 2548770 on Fri May 24 18:01:18 MDT 2019
# Start of session at: Wed Mar 26 15:31:08 2025
# Process ID: 10992
# Current directory: F:/AD/Artix7-7103/01_demo_document/ad9280_ethernet
# Command line: vivado.exe -gui_launcher_event rodinguilauncherevent8956 F:\AD\Artix7-7103\01_demo_document\ad9280_ethernet\adc_ethernet.xpr
# Log file: F:/AD/Artix7-7103/01_demo_document/ad9280_ethernet/vivado.log
# Journal file: F:/AD/Artix7-7103/01_demo_document/ad9280_ethernet\vivado.jou
#-----------------------------------------------------------
start_gui
open_project F:/AD/Artix7-7103/01_demo_document/ad9280_ethernet/adc_ethernet.xpr
Scanning sources...
Finished scanning sources
INFO: [IP_Flow 19-234] Refreshing IP repositories
INFO: [IP_Flow 19-1704] No user IP repositories specified
INFO: [IP_Flow 19-2313] Loaded Vivado IP repository 'E:/xilinx_SDK/Vivado/2019.1/data/ip'.
open_project: Time (s): cpu = 00:00:03 ; elapsed = 00:00:06 . Memory (MB): peak = 797.477 ; gain = 155.664
update_compile_order -fileset sources_1
open_hw
connect_hw_server
INFO: [Labtools 27-2285] Connecting to hw_server url TCP:localhost:3121
INFO: [Labtools 27-2222] Launching hw_server...
INFO: [Labtools 27-2221] Launch Output:

****** Xilinx hw_server v2019.1
  **** Build date : May 24 2019 at 15:13:31
    ** Copyright 1986-2019 Xilinx, Inc. All Rights Reserved.


disconnect_hw_server localhost:3121
connect_hw_server
INFO: [Labtools 27-2285] Connecting to hw_server url TCP:localhost:3121
disconnect_hw_server localhost:3121
connect_hw_server
INFO: [Labtools 27-2285] Connecting to hw_server url TCP:localhost:3121
open_hw_target
INFO: [Labtoolstcl 44-466] Opening hw_target localhost:3121/xilinx_tcf/Xilinx/13724327082d01
set_property PROGRAM.FILE {F:/AD/Artix7-7103/01_demo_document/ad9280_ethernet/impl_1/top.bit} [get_hw_devices xc7a100t_0]
current_hw_device [get_hw_devices xc7a100t_0]
refresh_hw_device -update_hw_probes false [lindex [get_hw_devices xc7a100t_0] 0]
INFO: [Labtools 27-1434] Device xc7a100t (JTAG device index = 0) is programmed with a design that has no supported debug core(s) in it.
set_property PROBES.FILE {} [get_hw_devices xc7a100t_0]
set_property FULL_PROBES.FILE {} [get_hw_devices xc7a100t_0]
set_property PROGRAM.FILE {F:/AD/Artix7-7103/01_demo_document/ad9280_ethernet/impl_1/top.bit} [get_hw_devices xc7a100t_0]
program_hw_devices [get_hw_devices xc7a100t_0]
INFO: [Labtools 27-3164] End of startup status: HIGH
program_hw_devices: Time (s): cpu = 00:00:09 ; elapsed = 00:00:11 . Memory (MB): peak = 2156.855 ; gain = 0.000
refresh_hw_device [lindex [get_hw_devices xc7a100t_0] 0]
INFO: [Labtools 27-1434] Device xc7a100t (JTAG device index = 0) is programmed with a design that has no supported debug core(s) in it.
set_property PROBES.FILE {} [get_hw_devices xc7a100t_0]
set_property FULL_PROBES.FILE {} [get_hw_devices xc7a100t_0]
set_property PROGRAM.FILE {F:/AD/Artix7-7103/01_demo_document/ad9280_ethernet/impl_1/top.bit} [get_hw_devices xc7a100t_0]
program_hw_devices [get_hw_devices xc7a100t_0]
INFO: [Labtools 27-3164] End of startup status: HIGH
program_hw_devices: Time (s): cpu = 00:00:06 ; elapsed = 00:00:11 . Memory (MB): peak = 2402.680 ; gain = 0.000
refresh_hw_device [lindex [get_hw_devices xc7a100t_0] 0]
INFO: [Labtools 27-1434] Device xc7a100t (JTAG device index = 0) is programmed with a design that has no supported debug core(s) in it.
ERROR: [Labtoolstcl 44-513] HW Target shutdown. Closing target: localhost:3121/xilinx_tcf/Xilinx/13724327082d01
INFO: [Labtoolstcl 44-466] Opening hw_target localhost:3121/xilinx_tcf/Xilinx/13724327082d01
INFO: [Labtools 27-1434] Device xc7a100t (JTAG device index = 0) is programmed with a design that has no supported debug core(s) in it.
WARNING: [Labtoolstcl 44-129] No matching hw_ila_data was found.
refresh_hw_target {localhost:3121/xilinx_tcf/Xilinx/13724327082d01}
set_property PROBES.FILE {} [get_hw_devices xc7a100t_0]
set_property FULL_PROBES.FILE {} [get_hw_devices xc7a100t_0]
set_property PROGRAM.FILE {F:/AD/Artix7-7103/01_demo_document/ad9280_ethernet/impl_1/top.bit} [get_hw_devices xc7a100t_0]
program_hw_devices [get_hw_devices xc7a100t_0]
INFO: [Labtools 27-3164] End of startup status: HIGH
program_hw_devices: Time (s): cpu = 00:00:08 ; elapsed = 00:00:11 . Memory (MB): peak = 2402.680 ; gain = 0.000
refresh_hw_device [lindex [get_hw_devices xc7a100t_0] 0]
INFO: [Labtools 27-1434] Device xc7a100t (JTAG device index = 0) is programmed with a design that has no supported debug core(s) in it.
ERROR: [Labtoolstcl 44-513] HW Target shutdown. Closing target: localhost:3121/xilinx_tcf/Xilinx/13724327082d01
synth_design -rtl -name rtl_1
Command: synth_design -rtl -name rtl_1
Starting synth_design
Using part: xc7a100tfgg484-2
Top: top
INFO: [Device 21-403] Loading part xc7a100tfgg484-2
WARNING: [Synth 8-6901] identifier 'fifo_rdusedw' is used before its declaration [F:/AD/Artix7-7103/01_demo_document/ad9280_ethernet/adc_ethernet.srcs/sources_1/mac/mac_ctrl.v:143]
WARNING: [Synth 8-976] rgmii_rx_ctl_delay has already been declared [F:/AD/Artix7-7103/01_demo_document/ad9280_ethernet/adc_ethernet.srcs/sources_1/util_gmii_to_rgmii.v:74]
WARNING: [Synth 8-2654] second declaration of rgmii_rx_ctl_delay ignored [F:/AD/Artix7-7103/01_demo_document/ad9280_ethernet/adc_ethernet.srcs/sources_1/util_gmii_to_rgmii.v:74]
INFO: [Synth 8-994] rgmii_rx_ctl_delay is declared here [F:/AD/Artix7-7103/01_demo_document/ad9280_ethernet/adc_ethernet.srcs/sources_1/util_gmii_to_rgmii.v:50]
---------------------------------------------------------------------------------
Starting RTL Elaboration : Time (s): cpu = 00:00:01 ; elapsed = 00:00:02 . Memory (MB): peak = 2767.637 ; gain = 179.699
---------------------------------------------------------------------------------
INFO: [Synth 8-6157] synthesizing module 'top' [F:/AD/Artix7-7103/01_demo_document/ad9280_ethernet/adc_ethernet.srcs/sources_1/top.v:30]
	Parameter MEM_DATA_BITS bound to: 64 - type: integer 
	Parameter ADDR_BITS bound to: 25 - type: integer 
	Parameter BUSRT_BITS bound to: 10 - type: integer 
INFO: [Synth 8-6157] synthesizing module 'IBUFGDS' [E:/xilinx_SDK/Vivado/2019.1/scripts/rt/data/unisim_comp.v:33335]
	Parameter CAPACITANCE bound to: DONT_CARE - type: string 
	Parameter DIFF_TERM bound to: FALSE - type: string 
	Parameter IBUF_DELAY_VALUE bound to: 0 - type: string 
	Parameter IBUF_LOW_PWR bound to: TRUE - type: string 
	Parameter IOSTANDARD bound to: DEFAULT - type: string 
INFO: [Synth 8-6155] done synthesizing module 'IBUFGDS' (1#1) [E:/xilinx_SDK/Vivado/2019.1/scripts/rt/data/unisim_comp.v:33335]
INFO: [Synth 8-6157] synthesizing module 'adc_pll' [F:/AD/Artix7-7103/01_demo_document/ad9280_ethernet/.Xil/Vivado-10992-FranklinY9000P/realtime/adc_pll_stub.v:5]
INFO: [Synth 8-6155] done synthesizing module 'adc_pll' (2#1) [F:/AD/Artix7-7103/01_demo_document/ad9280_ethernet/.Xil/Vivado-10992-FranklinY9000P/realtime/adc_pll_stub.v:5]
INFO: [Synth 8-6157] synthesizing module 'smi_config' [F:/AD/Artix7-7103/01_demo_document/ad9280_ethernet/adc_ethernet.srcs/sources_1/mdio/smi_config.v:2]
	Parameter REF_CLK bound to: 50000 - type: integer 
	Parameter MDC_CLK bound to: 500 - type: integer 
	Parameter IDLE bound to: 17'b00000000000000001 
	Parameter W_PAGE_0A43 bound to: 17'b00000000000000010 
	Parameter R_CHECK bound to: 17'b00000000000000100 
	Parameter ETH_UNLINK bound to: 17'b00000000000001000 
	Parameter ETH_1000M bound to: 17'b00000000000010000 
	Parameter ETH_100M bound to: 17'b00000000000100000 
	Parameter ETH_10M bound to: 17'b00000000001000000 
	Parameter R_WAIT bound to: 17'b00000000010000000 
	Parameter W_PAGE_171 bound to: 17'b00000000100000000 
	Parameter R_REG_16 bound to: 17'b00000001000000000 
	Parameter W_REG_16 bound to: 17'b00000010000000000 
	Parameter R_REG_17 bound to: 17'b00000100000000000 
	Parameter W_REG_17 bound to: 17'b00001000000000000 
	Parameter RW_END bound to: 17'b00010000000000000 
	Parameter R_REG_1A bound to: 17'b00100000000000000 
	Parameter READ_ID bound to: 17'b01000000000000000 
	Parameter CHECK_ID bound to: 17'b10000000000000000 
INFO: [Synth 8-5534] Detected attribute (* MARK_DEBUG = "true" *) [F:/AD/Artix7-7103/01_demo_document/ad9280_ethernet/adc_ethernet.srcs/sources_1/mdio/smi_config.v:14]
INFO: [Synth 8-5534] Detected attribute (* MARK_DEBUG = "true" *) [F:/AD/Artix7-7103/01_demo_document/ad9280_ethernet/adc_ethernet.srcs/sources_1/mdio/smi_config.v:15]
INFO: [Synth 8-5534] Detected attribute (* MARK_DEBUG = "true" *) [F:/AD/Artix7-7103/01_demo_document/ad9280_ethernet/adc_ethernet.srcs/sources_1/mdio/smi_config.v:20]
INFO: [Synth 8-5534] Detected attribute (* MARK_DEBUG = "true" *) [F:/AD/Artix7-7103/01_demo_document/ad9280_ethernet/adc_ethernet.srcs/sources_1/mdio/smi_config.v:21]
INFO: [Synth 8-5534] Detected attribute (* MARK_DEBUG = "true" *) [F:/AD/Artix7-7103/01_demo_document/ad9280_ethernet/adc_ethernet.srcs/sources_1/mdio/smi_config.v:22]
INFO: [Synth 8-5534] Detected attribute (* MARK_DEBUG = "true" *) [F:/AD/Artix7-7103/01_demo_document/ad9280_ethernet/adc_ethernet.srcs/sources_1/mdio/smi_config.v:23]
INFO: [Synth 8-5534] Detected attribute (* MARK_DEBUG = "true" *) [F:/AD/Artix7-7103/01_demo_document/ad9280_ethernet/adc_ethernet.srcs/sources_1/mdio/smi_config.v:26]
INFO: [Synth 8-5534] Detected attribute (* MARK_DEBUG = "true" *) [F:/AD/Artix7-7103/01_demo_document/ad9280_ethernet/adc_ethernet.srcs/sources_1/mdio/smi_config.v:27]
INFO: [Synth 8-5534] Detected attribute (* MARK_DEBUG = "true" *) [F:/AD/Artix7-7103/01_demo_document/ad9280_ethernet/adc_ethernet.srcs/sources_1/mdio/smi_config.v:28]
INFO: [Synth 8-5534] Detected attribute (* MARK_DEBUG = "true" *) [F:/AD/Artix7-7103/01_demo_document/ad9280_ethernet/adc_ethernet.srcs/sources_1/mdio/smi_config.v:29]
INFO: [Synth 8-5534] Detected attribute (* MARK_DEBUG = "true" *) [F:/AD/Artix7-7103/01_demo_document/ad9280_ethernet/adc_ethernet.srcs/sources_1/mdio/smi_config.v:66]
INFO: [Synth 8-6157] synthesizing module 'smi_read_write' [F:/AD/Artix7-7103/01_demo_document/ad9280_ethernet/adc_ethernet.srcs/sources_1/mdio/smi_read_write.v:2]
	Parameter REF_CLK bound to: 50000 - type: integer 
	Parameter MDC_CLK bound to: 500 - type: integer 
	Parameter HALF_CYCLE bound to: 50 - type: integer 
	Parameter CYCLE bound to: 100 - type: integer 
	Parameter ST bound to: 2'b01 
	Parameter W_OP bound to: 2'b01 
	Parameter R_OP bound to: 2'b10 
	Parameter W_TA bound to: 2'b10 
	Parameter IDLE bound to: 10'b0000000001 
	Parameter WAIT_REQ bound to: 10'b0000000010 
	Parameter W_MDIO bound to: 10'b0000000100 
	Parameter R_MDIO bound to: 10'b0000001000 
	Parameter R_TA_Z bound to: 10'b0000010000 
	Parameter R_DATA bound to: 10'b0000100000 
	Parameter W_END bound to: 10'b0001000000 
	Parameter R_END bound to: 10'b0010000000 
	Parameter R_TA_0 bound to: 10'b0100000000 
	Parameter END_WAIT bound to: 10'b1000000000 
INFO: [Synth 8-5534] Detected attribute (* MARK_DEBUG = "true" *) [F:/AD/Artix7-7103/01_demo_document/ad9280_ethernet/adc_ethernet.srcs/sources_1/mdio/smi_read_write.v:34]
INFO: [Synth 8-5534] Detected attribute (* MARK_DEBUG = "true" *) [F:/AD/Artix7-7103/01_demo_document/ad9280_ethernet/adc_ethernet.srcs/sources_1/mdio/smi_read_write.v:35]
INFO: [Synth 8-5534] Detected attribute (* MARK_DEBUG = "true" *) [F:/AD/Artix7-7103/01_demo_document/ad9280_ethernet/adc_ethernet.srcs/sources_1/mdio/smi_read_write.v:39]
INFO: [Synth 8-5534] Detected attribute (* MARK_DEBUG = "true" *) [F:/AD/Artix7-7103/01_demo_document/ad9280_ethernet/adc_ethernet.srcs/sources_1/mdio/smi_read_write.v:40]
INFO: [Synth 8-5534] Detected attribute (* MARK_DEBUG = "true" *) [F:/AD/Artix7-7103/01_demo_document/ad9280_ethernet/adc_ethernet.srcs/sources_1/mdio/smi_read_write.v:41]
INFO: [Synth 8-5534] Detected attribute (* MARK_DEBUG = "true" *) [F:/AD/Artix7-7103/01_demo_document/ad9280_ethernet/adc_ethernet.srcs/sources_1/mdio/smi_read_write.v:42]
INFO: [Synth 8-5534] Detected attribute (* MARK_DEBUG = "true" *) [F:/AD/Artix7-7103/01_demo_document/ad9280_ethernet/adc_ethernet.srcs/sources_1/mdio/smi_read_write.v:43]
INFO: [Synth 8-5534] Detected attribute (* MARK_DEBUG = "true" *) [F:/AD/Artix7-7103/01_demo_document/ad9280_ethernet/adc_ethernet.srcs/sources_1/mdio/smi_read_write.v:94]
INFO: [Synth 8-6157] synthesizing module 'IOBUF' [E:/xilinx_SDK/Vivado/2019.1/scripts/rt/data/unisim_comp.v:36115]
	Parameter DRIVE bound to: 12 - type: integer 
	Parameter IBUF_LOW_PWR bound to: TRUE - type: string 
	Parameter IOSTANDARD bound to: DEFAULT - type: string 
	Parameter SLEW bound to: SLOW - type: string 
INFO: [Synth 8-6155] done synthesizing module 'IOBUF' (3#1) [E:/xilinx_SDK/Vivado/2019.1/scripts/rt/data/unisim_comp.v:36115]
INFO: [Synth 8-6157] synthesizing module 'ODDR' [E:/xilinx_SDK/Vivado/2019.1/scripts/rt/data/unisim_comp.v:49468]
	Parameter DDR_CLK_EDGE bound to: OPPOSITE_EDGE - type: string 
	Parameter INIT bound to: 1'b0 
	Parameter IS_C_INVERTED bound to: 1'b0 
	Parameter IS_D1_INVERTED bound to: 1'b0 
	Parameter IS_D2_INVERTED bound to: 1'b0 
	Parameter SRTYPE bound to: SYNC - type: string 
INFO: [Synth 8-6155] done synthesizing module 'ODDR' (4#1) [E:/xilinx_SDK/Vivado/2019.1/scripts/rt/data/unisim_comp.v:49468]
INFO: [Synth 8-6071] Mark debug on the nets applies keep_hierarchy on instance 'ODDR_inst'. This will prevent further optimization [F:/AD/Artix7-7103/01_demo_document/ad9280_ethernet/adc_ethernet.srcs/sources_1/mdio/smi_read_write.v:71]
INFO: [Synth 8-6071] Mark debug on the nets applies keep_hierarchy on instance 'IOBUF_inst'. This will prevent further optimization [F:/AD/Artix7-7103/01_demo_document/ad9280_ethernet/adc_ethernet.srcs/sources_1/mdio/smi_read_write.v:58]
INFO: [Synth 8-6155] done synthesizing module 'smi_read_write' (5#1) [F:/AD/Artix7-7103/01_demo_document/ad9280_ethernet/adc_ethernet.srcs/sources_1/mdio/smi_read_write.v:2]
WARNING: [Synth 8-7023] instance 'smi_inst' of module 'smi_read_write' has 14 connections declared, but only 12 given [F:/AD/Artix7-7103/01_demo_document/ad9280_ethernet/adc_ethernet.srcs/sources_1/mdio/smi_config.v:321]
INFO: [Synth 8-6071] Mark debug on the nets applies keep_hierarchy on instance 'smi_inst'. This will prevent further optimization [F:/AD/Artix7-7103/01_demo_document/ad9280_ethernet/adc_ethernet.srcs/sources_1/mdio/smi_config.v:321]
INFO: [Synth 8-6155] done synthesizing module 'smi_config' (6#1) [F:/AD/Artix7-7103/01_demo_document/ad9280_ethernet/adc_ethernet.srcs/sources_1/mdio/smi_config.v:2]
WARNING: [Synth 8-7023] instance 'smi_config_inst0' of module 'smi_config' has 6 connections declared, but only 4 given [F:/AD/Artix7-7103/01_demo_document/ad9280_ethernet/adc_ethernet.srcs/sources_1/top.v:224]
WARNING: [Synth 8-7023] instance 'smi_config_inst1' of module 'smi_config' has 6 connections declared, but only 4 given [F:/AD/Artix7-7103/01_demo_document/ad9280_ethernet/adc_ethernet.srcs/sources_1/top.v:232]
INFO: [Synth 8-6157] synthesizing module 'reset' [F:/AD/Artix7-7103/01_demo_document/ad9280_ethernet/adc_ethernet.srcs/sources_1/new/reset.v:2]
INFO: [Synth 8-6155] done synthesizing module 'reset' (7#1) [F:/AD/Artix7-7103/01_demo_document/ad9280_ethernet/adc_ethernet.srcs/sources_1/new/reset.v:2]
WARNING: [Synth 8-4446] all outputs are unconnected for this instance and logic may be removed [F:/AD/Artix7-7103/01_demo_document/ad9280_ethernet/adc_ethernet.srcs/sources_1/top.v:272]
INFO: [Synth 8-6157] synthesizing module 'IDELAYCTRL' [E:/xilinx_SDK/Vivado/2019.1/scripts/rt/data/unisim_comp.v:34933]
	Parameter SIM_DEVICE bound to: 7SERIES - type: string 
INFO: [Synth 8-6155] done synthesizing module 'IDELAYCTRL' (8#1) [E:/xilinx_SDK/Vivado/2019.1/scripts/rt/data/unisim_comp.v:34933]
INFO: [Synth 8-6157] synthesizing module 'util_gmii_to_rgmii' [F:/AD/Artix7-7103/01_demo_document/ad9280_ethernet/adc_ethernet.srcs/sources_1/util_gmii_to_rgmii.v:2]
	Parameter IDELAY_VALUE bound to: 0 - type: integer 
INFO: [Synth 8-6157] synthesizing module 'ODDR__parameterized0' [E:/xilinx_SDK/Vivado/2019.1/scripts/rt/data/unisim_comp.v:49468]
	Parameter DDR_CLK_EDGE bound to: SAME_EDGE - type: string 
	Parameter INIT bound to: 1'b0 
	Parameter IS_C_INVERTED bound to: 1'b0 
	Parameter IS_D1_INVERTED bound to: 1'b0 
	Parameter IS_D2_INVERTED bound to: 1'b0 
	Parameter SRTYPE bound to: SYNC - type: string 
INFO: [Synth 8-6155] done synthesizing module 'ODDR__parameterized0' (8#1) [E:/xilinx_SDK/Vivado/2019.1/scripts/rt/data/unisim_comp.v:49468]
INFO: [Synth 8-6157] synthesizing module 'IDELAYE2' [E:/xilinx_SDK/Vivado/2019.1/scripts/rt/data/unisim_comp.v:34946]
	Parameter CINVCTRL_SEL bound to: FALSE - type: string 
	Parameter DELAY_SRC bound to: IDATAIN - type: string 
	Parameter HIGH_PERFORMANCE_MODE bound to: FALSE - type: string 
	Parameter IDELAY_TYPE bound to: FIXED - type: string 
	Parameter IDELAY_VALUE bound to: 0 - type: integer 
	Parameter IS_C_INVERTED bound to: 1'b0 
	Parameter IS_DATAIN_INVERTED bound to: 1'b0 
	Parameter IS_IDATAIN_INVERTED bound to: 1'b0 
	Parameter PIPE_SEL bound to: FALSE - type: string 
	Parameter REFCLK_FREQUENCY bound to: 200.000000 - type: float 
	Parameter SIGNAL_PATTERN bound to: DATA - type: string 
	Parameter SIM_DELAY_D bound to: 0 - type: integer 
INFO: [Synth 8-6155] done synthesizing module 'IDELAYE2' (9#1) [E:/xilinx_SDK/Vivado/2019.1/scripts/rt/data/unisim_comp.v:34946]
INFO: [Synth 8-6157] synthesizing module 'IDDR' [E:/xilinx_SDK/Vivado/2019.1/scripts/rt/data/unisim_comp.v:34811]
	Parameter DDR_CLK_EDGE bound to: SAME_EDGE_PIPELINED - type: string 
	Parameter INIT_Q1 bound to: 1'b0 
	Parameter INIT_Q2 bound to: 1'b0 
	Parameter IS_C_INVERTED bound to: 1'b0 
	Parameter IS_D_INVERTED bound to: 1'b0 
	Parameter SRTYPE bound to: SYNC - type: string 
INFO: [Synth 8-6155] done synthesizing module 'IDDR' (10#1) [E:/xilinx_SDK/Vivado/2019.1/scripts/rt/data/unisim_comp.v:34811]
INFO: [Synth 8-6157] synthesizing module 'BUFG' [E:/xilinx_SDK/Vivado/2019.1/scripts/rt/data/unisim_comp.v:1075]
INFO: [Synth 8-6155] done synthesizing module 'BUFG' (11#1) [E:/xilinx_SDK/Vivado/2019.1/scripts/rt/data/unisim_comp.v:1075]
INFO: [Synth 8-6157] synthesizing module 'BUFIO' [E:/xilinx_SDK/Vivado/2019.1/scripts/rt/data/unisim_comp.v:1336]
INFO: [Synth 8-6155] done synthesizing module 'BUFIO' (12#1) [E:/xilinx_SDK/Vivado/2019.1/scripts/rt/data/unisim_comp.v:1336]
WARNING: [Synth 8-6014] Unused sequential element speed_selection_d0_reg was removed.  [F:/AD/Artix7-7103/01_demo_document/ad9280_ethernet/adc_ethernet.srcs/sources_1/util_gmii_to_rgmii.v:80]
WARNING: [Synth 8-6014] Unused sequential element speed_selection_d1_reg was removed.  [F:/AD/Artix7-7103/01_demo_document/ad9280_ethernet/adc_ethernet.srcs/sources_1/util_gmii_to_rgmii.v:81]
WARNING: [Synth 8-6014] Unused sequential element gmii_tx_er_r_d1_reg was removed.  [F:/AD/Artix7-7103/01_demo_document/ad9280_ethernet/adc_ethernet.srcs/sources_1/util_gmii_to_rgmii.v:139]
INFO: [Synth 8-6155] done synthesizing module 'util_gmii_to_rgmii' (13#1) [F:/AD/Artix7-7103/01_demo_document/ad9280_ethernet/adc_ethernet.srcs/sources_1/util_gmii_to_rgmii.v:2]
INFO: [Synth 8-6157] synthesizing module 'eth_top' [F:/AD/Artix7-7103/01_demo_document/ad9280_ethernet/adc_ethernet.srcs/sources_1/mac/eth_top.v:1]
	Parameter LOCAL_IP_ADDR bound to: -1062731774 - type: integer 
	Parameter LOCAL_MAC_ADDR bound to: 48'b000000000000101000110101000000011111111011000000 
	Parameter UDP_SRC_PORT bound to: 16'b0001111110010000 
	Parameter UDP_DST_PORT bound to: 16'b0001111110010000 
	Parameter TTL bound to: 8'b10000000 
INFO: [Synth 8-6157] synthesizing module 'mac_top' [F:/AD/Artix7-7103/01_demo_document/ad9280_ethernet/adc_ethernet.srcs/sources_1/mac/mac_top.v:7]
INFO: [Synth 8-6157] synthesizing module 'mac_tx_top' [F:/AD/Artix7-7103/01_demo_document/ad9280_ethernet/adc_ethernet.srcs/sources_1/mac/tx/mac_tx_top.v:7]
INFO: [Synth 8-6157] synthesizing module 'mac_tx' [F:/AD/Artix7-7103/01_demo_document/ad9280_ethernet/adc_ethernet.srcs/sources_1/mac/tx/mac_tx.v:8]
	Parameter SEND_IDLE bound to: 6'b000001 
	Parameter SEND_START bound to: 6'b000010 
	Parameter SEND_PREAMBLE bound to: 6'b000100 
	Parameter SEND_DATA bound to: 6'b001000 
	Parameter SEND_CRC bound to: 6'b010000 
	Parameter SEND_END bound to: 6'b100000 
INFO: [Synth 8-6155] done synthesizing module 'mac_tx' (14#1) [F:/AD/Artix7-7103/01_demo_document/ad9280_ethernet/adc_ethernet.srcs/sources_1/mac/tx/mac_tx.v:8]
INFO: [Synth 8-6157] synthesizing module 'mac_tx_mode' [F:/AD/Artix7-7103/01_demo_document/ad9280_ethernet/adc_ethernet.srcs/sources_1/mac/tx/mac_tx_mode.v:7]
	Parameter IDLE bound to: 3'b001 
	Parameter ARP bound to: 3'b010 
	Parameter IP bound to: 3'b100 
INFO: [Synth 8-6155] done synthesizing module 'mac_tx_mode' (15#1) [F:/AD/Artix7-7103/01_demo_document/ad9280_ethernet/adc_ethernet.srcs/sources_1/mac/tx/mac_tx_mode.v:7]
INFO: [Synth 8-6157] synthesizing module 'crc' [F:/AD/Artix7-7103/01_demo_document/ad9280_ethernet/adc_ethernet.srcs/sources_1/mac/crc.v:5]
	Parameter Tp bound to: 1 - type: integer 
INFO: [Synth 8-6155] done synthesizing module 'crc' (16#1) [F:/AD/Artix7-7103/01_demo_document/ad9280_ethernet/adc_ethernet.srcs/sources_1/mac/crc.v:5]
INFO: [Synth 8-6157] synthesizing module 'arp_tx' [F:/AD/Artix7-7103/01_demo_document/ad9280_ethernet/adc_ethernet.srcs/sources_1/mac/tx/arp_tx.v:7]
	Parameter mac_type bound to: 16'b0000100000000110 
	Parameter hardware_type bound to: 16'b0000000000000001 
	Parameter protocol_type bound to: 16'b0000100000000000 
	Parameter mac_length bound to: 8'b00000110 
	Parameter ip_length bound to: 8'b00000100 
	Parameter ARP_REQUEST_CODE bound to: 16'b0000000000000001 
	Parameter ARP_REPLY_CODE bound to: 16'b0000000000000010 
	Parameter IDLE bound to: 5'b00001 
	Parameter ARP_REQUEST_WAIT bound to: 5'b00010 
	Parameter ARP_REQUEST bound to: 5'b00100 
	Parameter ARP_REPLY_WAIT bound to: 5'b01000 
	Parameter ARP_REPLY bound to: 5'b10000 
INFO: [Synth 8-6155] done synthesizing module 'arp_tx' (17#1) [F:/AD/Artix7-7103/01_demo_document/ad9280_ethernet/adc_ethernet.srcs/sources_1/mac/tx/arp_tx.v:7]
INFO: [Synth 8-6157] synthesizing module 'ip_tx' [F:/AD/Artix7-7103/01_demo_document/ad9280_ethernet/adc_ethernet.srcs/sources_1/mac/tx/ip_tx.v:9]
	Parameter mac_type bound to: 16'b0000100000000000 
	Parameter ip_version bound to: 4'b0100 
	Parameter header_len bound to: 4'b0101 
	Parameter IDLE bound to: 6'b000001 
	Parameter WAIT_DATA_LENGTH bound to: 6'b000010 
	Parameter GEN_CHECKSUM bound to: 6'b000100 
	Parameter SEND_WAIT bound to: 6'b001000 
	Parameter WAIT_MAC bound to: 6'b010000 
	Parameter IP_SEND bound to: 6'b100000 
WARNING: [Synth 8-3848] Net ip_tx_busy in module/entity ip_tx does not have driver. [F:/AD/Artix7-7103/01_demo_document/ad9280_ethernet/adc_ethernet.srcs/sources_1/mac/tx/ip_tx.v:28]
INFO: [Synth 8-6155] done synthesizing module 'ip_tx' (18#1) [F:/AD/Artix7-7103/01_demo_document/ad9280_ethernet/adc_ethernet.srcs/sources_1/mac/tx/ip_tx.v:9]
WARNING: [Synth 8-7023] instance 'ip0' of module 'ip_tx' has 19 connections declared, but only 18 given [F:/AD/Artix7-7103/01_demo_document/ad9280_ethernet/adc_ethernet.srcs/sources_1/mac/tx/mac_tx_top.v:158]
INFO: [Synth 8-6157] synthesizing module 'ip_tx_mode' [F:/AD/Artix7-7103/01_demo_document/ad9280_ethernet/adc_ethernet.srcs/sources_1/mac/tx/ip_tx_mode.v:7]
	Parameter ip_udp_type bound to: 8'b00010001 
	Parameter ip_icmp_type bound to: 8'b00000001 
	Parameter IDLE bound to: 3'b001 
	Parameter UDP bound to: 3'b010 
	Parameter ICMP bound to: 3'b100 
INFO: [Synth 8-6155] done synthesizing module 'ip_tx_mode' (19#1) [F:/AD/Artix7-7103/01_demo_document/ad9280_ethernet/adc_ethernet.srcs/sources_1/mac/tx/ip_tx_mode.v:7]
INFO: [Synth 8-6157] synthesizing module 'udp_tx' [F:/AD/Artix7-7103/01_demo_document/ad9280_ethernet/adc_ethernet.srcs/sources_1/mac/tx/udp_tx.v:7]
	Parameter IDLE bound to: 7'b0000001 
	Parameter HEADER_CHECKSUM bound to: 7'b0000010 
	Parameter GEN_CHECKSUM bound to: 7'b0000100 
	Parameter GEN_ODD_CHECKSUM bound to: 7'b0001000 
	Parameter GEN_CHECKSUM_END bound to: 7'b0010000 
	Parameter SEND_WAIT bound to: 7'b0100000 
	Parameter UDP_SEND bound to: 7'b1000000 
WARNING: [Synth 8-6014] Unused sequential element ram_write_addr_reg was removed.  [F:/AD/Artix7-7103/01_demo_document/ad9280_ethernet/adc_ethernet.srcs/sources_1/mac/tx/udp_tx.v:125]
WARNING: [Synth 8-6014] Unused sequential element ram_wr_data_d0_reg was removed.  [F:/AD/Artix7-7103/01_demo_document/ad9280_ethernet/adc_ethernet.srcs/sources_1/mac/tx/udp_tx.v:150]
WARNING: [Synth 8-6014] Unused sequential element ram_wr_data_d1_reg was removed.  [F:/AD/Artix7-7103/01_demo_document/ad9280_ethernet/adc_ethernet.srcs/sources_1/mac/tx/udp_tx.v:151]
WARNING: [Synth 8-6014] Unused sequential element ram_rdata_d1_reg was removed.  [F:/AD/Artix7-7103/01_demo_document/ad9280_ethernet/adc_ethernet.srcs/sources_1/mac/tx/udp_tx.v:166]
WARNING: [Synth 8-3848] Net udp_ram_data_req in module/entity udp_tx does not have driver. [F:/AD/Artix7-7103/01_demo_document/ad9280_ethernet/adc_ethernet.srcs/sources_1/mac/tx/udp_tx.v:24]
WARNING: [Synth 8-3848] Net udp_tx_end in module/entity udp_tx does not have driver. [F:/AD/Artix7-7103/01_demo_document/ad9280_ethernet/adc_ethernet.srcs/sources_1/mac/tx/udp_tx.v:30]
INFO: [Synth 8-6155] done synthesizing module 'udp_tx' (20#1) [F:/AD/Artix7-7103/01_demo_document/ad9280_ethernet/adc_ethernet.srcs/sources_1/mac/tx/udp_tx.v:7]
INFO: [Synth 8-6155] done synthesizing module 'mac_tx_top' (21#1) [F:/AD/Artix7-7103/01_demo_document/ad9280_ethernet/adc_ethernet.srcs/sources_1/mac/tx/mac_tx_top.v:7]
INFO: [Synth 8-6157] synthesizing module 'mac_rx_top' [F:/AD/Artix7-7103/01_demo_document/ad9280_ethernet/adc_ethernet.srcs/sources_1/mac/rx/mac_rx_top.v:7]
INFO: [Synth 8-6157] synthesizing module 'mac_rx' [F:/AD/Artix7-7103/01_demo_document/ad9280_ethernet/adc_ethernet.srcs/sources_1/mac/rx/mac_rx.v:7]
	Parameter IDLE bound to: 8'b00000001 
	Parameter REC_PREAMBLE bound to: 8'b00000010 
	Parameter REC_MAC_HEAD bound to: 8'b00000100 
	Parameter REC_IDENTIFY bound to: 8'b00001000 
	Parameter REC_DATA bound to: 8'b00010000 
	Parameter REC_CRC bound to: 8'b00100000 
	Parameter REC_ERROR bound to: 8'b01000000 
	Parameter REC_END bound to: 8'b10000000 
WARNING: [Synth 8-6014] Unused sequential element rx_dv_d1_reg was removed.  [F:/AD/Artix7-7103/01_demo_document/ad9280_ethernet/adc_ethernet.srcs/sources_1/mac/rx/mac_rx.v:200]
WARNING: [Synth 8-6014] Unused sequential element mac_crc_cnt_reg was removed.  [F:/AD/Artix7-7103/01_demo_document/ad9280_ethernet/adc_ethernet.srcs/sources_1/mac/rx/mac_rx.v:238]
INFO: [Synth 8-6155] done synthesizing module 'mac_rx' (22#1) [F:/AD/Artix7-7103/01_demo_document/ad9280_ethernet/adc_ethernet.srcs/sources_1/mac/rx/mac_rx.v:7]
INFO: [Synth 8-6157] synthesizing module 'ip_rx' [F:/AD/Artix7-7103/01_demo_document/ad9280_ethernet/adc_ethernet.srcs/sources_1/mac/rx/ip_rx.v:7]
	Parameter IDLE bound to: 5'b00001 
	Parameter REC_HEADER0 bound to: 5'b00010 
	Parameter REC_HEADER1 bound to: 5'b00100 
	Parameter REC_DATA bound to: 5'b01000 
	Parameter REC_END bound to: 5'b10000 
WARNING: [Synth 8-6014] Unused sequential element ip_rx_data_d1_reg was removed.  [F:/AD/Artix7-7103/01_demo_document/ad9280_ethernet/adc_ethernet.srcs/sources_1/mac/rx/ip_rx.v:170]
INFO: [Synth 8-6155] done synthesizing module 'ip_rx' (23#1) [F:/AD/Artix7-7103/01_demo_document/ad9280_ethernet/adc_ethernet.srcs/sources_1/mac/rx/ip_rx.v:7]
INFO: [Synth 8-6157] synthesizing module 'udp_rx' [F:/AD/Artix7-7103/01_demo_document/ad9280_ethernet/adc_ethernet.srcs/sources_1/mac/rx/udp_rx.v:7]
	Parameter IDLE bound to: 8'b00000001 
	Parameter REC_HEAD bound to: 8'b00000010 
	Parameter REC_DATA bound to: 8'b00000100 
	Parameter REC_ODD_DATA bound to: 8'b00001000 
	Parameter VERIFY_CHECKSUM bound to: 8'b00010000 
	Parameter REC_ERROR bound to: 8'b00100000 
	Parameter REC_END_WAIT bound to: 8'b01000000 
	Parameter REC_END bound to: 8'b10000000 
INFO: [Synth 8-6157] synthesizing module 'dpram' [F:/AD/Artix7-7103/01_demo_document/ad9280_ethernet/adc_ethernet.srcs/sources_1/mac/dpram.v:1]
	Parameter WIDTH bound to: 8 - type: integer 
	Parameter DEPTH bound to: 11 - type: integer 
INFO: [Synth 8-6155] done synthesizing module 'dpram' (24#1) [F:/AD/Artix7-7103/01_demo_document/ad9280_ethernet/adc_ethernet.srcs/sources_1/mac/dpram.v:1]
INFO: [Synth 8-6155] done synthesizing module 'udp_rx' (25#1) [F:/AD/Artix7-7103/01_demo_document/ad9280_ethernet/adc_ethernet.srcs/sources_1/mac/rx/udp_rx.v:7]
INFO: [Synth 8-6157] synthesizing module 'arp_rx' [F:/AD/Artix7-7103/01_demo_document/ad9280_ethernet/adc_ethernet.srcs/sources_1/mac/rx/arp_rx.v:7]
	Parameter ARP_REQUEST_CODE bound to: 16'b0000000000000001 
	Parameter ARP_REPLY_CODE bound to: 16'b0000000000000010 
	Parameter IDLE bound to: 4'b0001 
	Parameter ARP_REC_DATA bound to: 4'b0010 
	Parameter ARP_WAIT bound to: 4'b0100 
	Parameter ARP_END bound to: 4'b1000 
INFO: [Synth 8-6155] done synthesizing module 'arp_rx' (26#1) [F:/AD/Artix7-7103/01_demo_document/ad9280_ethernet/adc_ethernet.srcs/sources_1/mac/rx/arp_rx.v:7]
WARNING: [Synth 8-7023] instance 'arp0' of module 'arp_rx' has 13 connections declared, but only 12 given [F:/AD/Artix7-7103/01_demo_document/ad9280_ethernet/adc_ethernet.srcs/sources_1/mac/rx/mac_rx_top.v:161]
INFO: [Synth 8-6155] done synthesizing module 'mac_rx_top' (27#1) [F:/AD/Artix7-7103/01_demo_document/ad9280_ethernet/adc_ethernet.srcs/sources_1/mac/rx/mac_rx_top.v:7]
INFO: [Synth 8-6157] synthesizing module 'icmp_reply' [F:/AD/Artix7-7103/01_demo_document/ad9280_ethernet/adc_ethernet.srcs/sources_1/mac/icmp_reply.v:7]
	Parameter ECHO_REQUEST bound to: 8'b00001000 
	Parameter ECHO_REPLY bound to: 8'b00000000 
	Parameter IDLE bound to: 11'b00000000001 
	Parameter REC_DATA bound to: 11'b00000000010 
	Parameter REC_ODD_DATA bound to: 11'b00000000100 
	Parameter VERIFY_CHECKSUM bound to: 11'b00000001000 
	Parameter REC_ERROR bound to: 11'b00000010000 
	Parameter REC_END_WAIT bound to: 11'b00000100000 
	Parameter GEN_CHECKSUM bound to: 11'b00001000000 
	Parameter SEND_WAIT bound to: 11'b00010000000 
	Parameter SEND bound to: 11'b00100000000 
	Parameter REC_END bound to: 11'b01000000000 
	Parameter SEND_END bound to: 11'b10000000000 
INFO: [Synth 8-6157] synthesizing module 'dpram__parameterized0' [F:/AD/Artix7-7103/01_demo_document/ad9280_ethernet/adc_ethernet.srcs/sources_1/mac/dpram.v:1]
	Parameter WIDTH bound to: 8 - type: integer 
	Parameter DEPTH bound to: 8 - type: integer 
INFO: [Synth 8-6155] done synthesizing module 'dpram__parameterized0' (27#1) [F:/AD/Artix7-7103/01_demo_document/ad9280_ethernet/adc_ethernet.srcs/sources_1/mac/dpram.v:1]
WARNING: [Synth 8-689] width (11) of port connection 'rdaddress' does not match port width (8) of module 'dpram__parameterized0' [F:/AD/Artix7-7103/01_demo_document/ad9280_ethernet/adc_ethernet.srcs/sources_1/mac/icmp_reply.v:313]
WARNING: [Synth 8-689] width (11) of port connection 'wraddress' does not match port width (8) of module 'dpram__parameterized0' [F:/AD/Artix7-7103/01_demo_document/ad9280_ethernet/adc_ethernet.srcs/sources_1/mac/icmp_reply.v:314]
WARNING: [Synth 8-3848] Net icmp_tx_end in module/entity icmp_reply does not have driver. [F:/AD/Artix7-7103/01_demo_document/ad9280_ethernet/adc_ethernet.srcs/sources_1/mac/icmp_reply.v:20]
INFO: [Synth 8-6155] done synthesizing module 'icmp_reply' (28#1) [F:/AD/Artix7-7103/01_demo_document/ad9280_ethernet/adc_ethernet.srcs/sources_1/mac/icmp_reply.v:7]
INFO: [Synth 8-6157] synthesizing module 'arp_cache' [F:/AD/Artix7-7103/01_demo_document/ad9280_ethernet/adc_ethernet.srcs/sources_1/mac/arp_cache.v:1]
INFO: [Synth 8-6155] done synthesizing module 'arp_cache' (29#1) [F:/AD/Artix7-7103/01_demo_document/ad9280_ethernet/adc_ethernet.srcs/sources_1/mac/arp_cache.v:1]
INFO: [Synth 8-6155] done synthesizing module 'mac_top' (30#1) [F:/AD/Artix7-7103/01_demo_document/ad9280_ethernet/adc_ethernet.srcs/sources_1/mac/mac_top.v:7]
INFO: [Synth 8-6157] synthesizing module 'eth_cmd' [F:/AD/Artix7-7103/01_demo_document/ad9280_ethernet/adc_ethernet.srcs/sources_1/mac/eth_cmd.v:2]
	Parameter SAMPLE_RATE bound to: 32000000 - type: integer 
	Parameter SAMPLE_DEPTH bound to: 262144 - type: integer 
	Parameter DATA_SIGN bound to: 8'b00000001 
	Parameter DATA_LEN bound to: 8'b00001000 
	Parameter DATA_BYTE bound to: 8'b00000010 
	Parameter CMD_INQUIRY bound to: 65537 - type: integer 
	Parameter AD_DATA_REQ bound to: 65538 - type: integer 
	Parameter CMD_SEND_LEN bound to: 16'b0000000000011011 
	Parameter IDLE bound to: 7'b0000001 
	Parameter CMD_READ bound to: 7'b0000010 
	Parameter CMD_WAIT bound to: 7'b0000100 
	Parameter CMD_CHECK bound to: 7'b0001000 
	Parameter CMD_REPLY_WAIT bound to: 7'b0010000 
	Parameter CMD_REPLY bound to: 7'b0100000 
	Parameter CMD_END bound to: 7'b1000000 
WARNING: [Synth 8-6014] Unused sequential element ad_data_ack_d0_reg was removed.  [F:/AD/Artix7-7103/01_demo_document/ad9280_ethernet/adc_ethernet.srcs/sources_1/mac/eth_cmd.v:140]
WARNING: [Synth 8-6014] Unused sequential element ad_data_ack_d1_reg was removed.  [F:/AD/Artix7-7103/01_demo_document/ad9280_ethernet/adc_ethernet.srcs/sources_1/mac/eth_cmd.v:141]
WARNING: [Synth 8-6014] Unused sequential element ad_data_ack_d2_reg was removed.  [F:/AD/Artix7-7103/01_demo_document/ad9280_ethernet/adc_ethernet.srcs/sources_1/mac/eth_cmd.v:142]
INFO: [Synth 8-6155] done synthesizing module 'eth_cmd' (31#1) [F:/AD/Artix7-7103/01_demo_document/ad9280_ethernet/adc_ethernet.srcs/sources_1/mac/eth_cmd.v:2]
INFO: [Synth 8-6157] synthesizing module 'mac_ctrl' [F:/AD/Artix7-7103/01_demo_document/ad9280_ethernet/adc_ethernet.srcs/sources_1/mac/mac_ctrl.v:7]
	Parameter AD_DATA_REQ bound to: 65538 - type: integer 
	Parameter IDLE bound to: 13'b0000000000001 
	Parameter CMD_WAIT bound to: 13'b0000000000010 
	Parameter CHECK_ARP bound to: 13'b0000000000100 
	Parameter ARP_REQ bound to: 13'b0000000001000 
	Parameter ARP_SEND bound to: 13'b0000000010000 
	Parameter ARP_WAIT bound to: 13'b0000000100000 
	Parameter WAIT bound to: 13'b0000001000000 
	Parameter CHECK_FIFO bound to: 13'b0000010000000 
	Parameter GEN_CMD_REQ bound to: 13'b0000100000000 
	Parameter GEN_AD_REQ bound to: 13'b0001000000000 
	Parameter CMD_SEND bound to: 13'b0010000000000 
	Parameter AD_SEND bound to: 13'b0100000000000 
	Parameter AD_SEND_WAIT bound to: 13'b1000000000000 
INFO: [Synth 8-6155] done synthesizing module 'mac_ctrl' (32#1) [F:/AD/Artix7-7103/01_demo_document/ad9280_ethernet/adc_ethernet.srcs/sources_1/mac/mac_ctrl.v:7]
WARNING: [Synth 8-689] width (12) of port connection 'fifo_data_count' does not match port width (11) of module 'mac_ctrl' [F:/AD/Artix7-7103/01_demo_document/ad9280_ethernet/adc_ethernet.srcs/sources_1/mac/eth_top.v:178]
INFO: [Synth 8-6155] done synthesizing module 'eth_top' (33#1) [F:/AD/Artix7-7103/01_demo_document/ad9280_ethernet/adc_ethernet.srcs/sources_1/mac/eth_top.v:1]
WARNING: [Synth 8-689] width (16) of port connection 'fifo_data_count' does not match port width (12) of module 'eth_top' [F:/AD/Artix7-7103/01_demo_document/ad9280_ethernet/adc_ethernet.srcs/sources_1/top.v:315]
INFO: [Synth 8-6157] synthesizing module 'ad9280_sample' [F:/AD/Artix7-7103/01_demo_document/ad9280_ethernet/adc_ethernet.srcs/sources_1/ad/ad9280_sample.v:29]
	Parameter S_IDLE bound to: 0 - type: integer 
	Parameter S_REQ bound to: 1 - type: integer 
	Parameter S_ACK_WAIT bound to: 2 - type: integer 
	Parameter S_SAMPLE bound to: 3 - type: integer 
	Parameter S_WAIT bound to: 4 - type: integer 
WARNING: [Synth 8-5788] Register write_req_reg in module ad9280_sample is has both Set and reset with same priority. This may cause simulation mismatches. Consider rewriting code  [F:/AD/Artix7-7103/01_demo_document/ad9280_ethernet/adc_ethernet.srcs/sources_1/ad/ad9280_sample.v:126]
INFO: [Synth 8-6155] done synthesizing module 'ad9280_sample' (34#1) [F:/AD/Artix7-7103/01_demo_document/ad9280_ethernet/adc_ethernet.srcs/sources_1/ad/ad9280_sample.v:29]
INFO: [Synth 8-6157] synthesizing module 'frame_read_write' [F:/AD/Artix7-7103/01_demo_document/ad9280_ethernet/adc_ethernet.srcs/sources_1/frame_read_write.v:31]
	Parameter MEM_DATA_BITS bound to: 64 - type: integer 
	Parameter READ_DATA_BITS bound to: 16 - type: integer 
	Parameter WRITE_DATA_BITS bound to: 16 - type: integer 
	Parameter ADDR_BITS bound to: 25 - type: integer 
	Parameter BUSRT_BITS bound to: 10 - type: integer 
	Parameter BURST_SIZE bound to: 64 - type: integer 
INFO: [Synth 8-6157] synthesizing module 'afifo_16i_64o_512' [F:/AD/Artix7-7103/01_demo_document/ad9280_ethernet/.Xil/Vivado-10992-FranklinY9000P/realtime/afifo_16i_64o_512_stub.v:6]
INFO: [Synth 8-6155] done synthesizing module 'afifo_16i_64o_512' (35#1) [F:/AD/Artix7-7103/01_demo_document/ad9280_ethernet/.Xil/Vivado-10992-FranklinY9000P/realtime/afifo_16i_64o_512_stub.v:6]
WARNING: [Synth 8-689] width (16) of port connection 'rd_data_count' does not match port width (7) of module 'afifo_16i_64o_512' [F:/AD/Artix7-7103/01_demo_document/ad9280_ethernet/adc_ethernet.srcs/sources_1/frame_read_write.v:97]
INFO: [Synth 8-6157] synthesizing module 'frame_fifo_write' [F:/AD/Artix7-7103/01_demo_document/ad9280_ethernet/adc_ethernet.srcs/sources_1/frame_fifo_write.v:31]
	Parameter MEM_DATA_BITS bound to: 64 - type: integer 
	Parameter ADDR_BITS bound to: 25 - type: integer 
	Parameter BUSRT_BITS bound to: 10 - type: integer 
	Parameter BURST_SIZE bound to: 64 - type: integer 
	Parameter ONE bound to: 256'b0000000000000000000000000000000000000000000000000000000000000000000000000000000000000000000000000000000000000000000000000000000000000000000000000000000000000000000000000000000000000000000000000000000000000000000000000000000000000000000000000000000000000001 
	Parameter ZERO bound to: 256'b0000000000000000000000000000000000000000000000000000000000000000000000000000000000000000000000000000000000000000000000000000000000000000000000000000000000000000000000000000000000000000000000000000000000000000000000000000000000000000000000000000000000000000 
	Parameter S_IDLE bound to: 0 - type: integer 
	Parameter S_ACK bound to: 1 - type: integer 
	Parameter S_CHECK_FIFO bound to: 2 - type: integer 
	Parameter S_WRITE_BURST bound to: 3 - type: integer 
	Parameter S_WRITE_BURST_END bound to: 4 - type: integer 
	Parameter S_END bound to: 5 - type: integer 
INFO: [Synth 8-6155] done synthesizing module 'frame_fifo_write' (36#1) [F:/AD/Artix7-7103/01_demo_document/ad9280_ethernet/adc_ethernet.srcs/sources_1/frame_fifo_write.v:31]
INFO: [Synth 8-6157] synthesizing module 'afifo_64i_16o_128' [F:/AD/Artix7-7103/01_demo_document/ad9280_ethernet/.Xil/Vivado-10992-FranklinY9000P/realtime/afifo_64i_16o_128_stub.v:6]
INFO: [Synth 8-6155] done synthesizing module 'afifo_64i_16o_128' (37#1) [F:/AD/Artix7-7103/01_demo_document/ad9280_ethernet/.Xil/Vivado-10992-FranklinY9000P/realtime/afifo_64i_16o_128_stub.v:6]
WARNING: [Synth 8-689] width (16) of port connection 'rd_data_count' does not match port width (10) of module 'afifo_64i_16o_128' [F:/AD/Artix7-7103/01_demo_document/ad9280_ethernet/adc_ethernet.srcs/sources_1/frame_read_write.v:143]
WARNING: [Synth 8-689] width (16) of port connection 'wr_data_count' does not match port width (8) of module 'afifo_64i_16o_128' [F:/AD/Artix7-7103/01_demo_document/ad9280_ethernet/adc_ethernet.srcs/sources_1/frame_read_write.v:144]
WARNING: [Synth 8-7023] instance 'read_buf' of module 'afifo_64i_16o_128' has 13 connections declared, but only 11 given [F:/AD/Artix7-7103/01_demo_document/ad9280_ethernet/adc_ethernet.srcs/sources_1/frame_read_write.v:133]
INFO: [Synth 8-6157] synthesizing module 'frame_fifo_read' [F:/AD/Artix7-7103/01_demo_document/ad9280_ethernet/adc_ethernet.srcs/sources_1/frame_fifo_read.v:31]
	Parameter MEM_DATA_BITS bound to: 64 - type: integer 
	Parameter ADDR_BITS bound to: 25 - type: integer 
	Parameter BUSRT_BITS bound to: 10 - type: integer 
	Parameter FIFO_DEPTH bound to: 256 - type: integer 
	Parameter BURST_SIZE bound to: 64 - type: integer 
	Parameter ONE bound to: 256'b0000000000000000000000000000000000000000000000000000000000000000000000000000000000000000000000000000000000000000000000000000000000000000000000000000000000000000000000000000000000000000000000000000000000000000000000000000000000000000000000000000000000000001 
	Parameter ZERO bound to: 256'b0000000000000000000000000000000000000000000000000000000000000000000000000000000000000000000000000000000000000000000000000000000000000000000000000000000000000000000000000000000000000000000000000000000000000000000000000000000000000000000000000000000000000000 
	Parameter S_IDLE bound to: 0 - type: integer 
	Parameter S_ACK bound to: 1 - type: integer 
	Parameter S_WAIT bound to: 2 - type: integer 
	Parameter S_CHECK_FIFO bound to: 3 - type: integer 
	Parameter S_READ_BURST bound to: 4 - type: integer 
	Parameter S_READ_BURST_END bound to: 5 - type: integer 
	Parameter S_END bound to: 6 - type: integer 
INFO: [Synth 8-6155] done synthesizing module 'frame_fifo_read' (38#1) [F:/AD/Artix7-7103/01_demo_document/ad9280_ethernet/adc_ethernet.srcs/sources_1/frame_fifo_read.v:31]
INFO: [Synth 8-6155] done synthesizing module 'frame_read_write' (39#1) [F:/AD/Artix7-7103/01_demo_document/ad9280_ethernet/adc_ethernet.srcs/sources_1/frame_read_write.v:31]
WARNING: [Synth 8-689] width (32) of port connection 'read_len' does not match port width (25) of module 'frame_read_write' [F:/AD/Artix7-7103/01_demo_document/ad9280_ethernet/adc_ethernet.srcs/sources_1/top.v:368]
WARNING: [Synth 8-689] width (32) of port connection 'write_len' does not match port width (25) of module 'frame_read_write' [F:/AD/Artix7-7103/01_demo_document/ad9280_ethernet/adc_ethernet.srcs/sources_1/top.v:388]
INFO: [Synth 8-6157] synthesizing module 'ddr3' [F:/AD/Artix7-7103/01_demo_document/ad9280_ethernet/.Xil/Vivado-10992-FranklinY9000P/realtime/ddr3_stub.v:5]
INFO: [Synth 8-6155] done synthesizing module 'ddr3' (40#1) [F:/AD/Artix7-7103/01_demo_document/ad9280_ethernet/.Xil/Vivado-10992-FranklinY9000P/realtime/ddr3_stub.v:5]
WARNING: [Synth 8-689] width (64) of port connection 's_axi_awaddr' does not match port width (32) of module 'ddr3' [F:/AD/Artix7-7103/01_demo_document/ad9280_ethernet/adc_ethernet.srcs/sources_1/top.v:428]
WARNING: [Synth 8-689] width (64) of port connection 's_axi_araddr' does not match port width (32) of module 'ddr3' [F:/AD/Artix7-7103/01_demo_document/ad9280_ethernet/adc_ethernet.srcs/sources_1/top.v:451]
WARNING: [Synth 8-689] width (2) of port connection 's_axi_arlock' does not match port width (1) of module 'ddr3' [F:/AD/Artix7-7103/01_demo_document/ad9280_ethernet/adc_ethernet.srcs/sources_1/top.v:455]
WARNING: [Synth 8-7023] instance 'u_ddr3' of module 'ddr3' has 66 connections declared, but only 65 given [F:/AD/Artix7-7103/01_demo_document/ad9280_ethernet/adc_ethernet.srcs/sources_1/top.v:395]
INFO: [Synth 8-6157] synthesizing module 'aq_axi_master' [F:/AD/Artix7-7103/01_demo_document/ad9280_ethernet/adc_ethernet.srcs/sources_1/aq_axi_master.v:39]
	Parameter S_WR_IDLE bound to: 3'b000 
	Parameter S_WA_WAIT bound to: 3'b001 
	Parameter S_WA_START bound to: 3'b010 
	Parameter S_WD_WAIT bound to: 3'b011 
	Parameter S_WD_PROC bound to: 3'b100 
	Parameter S_WR_WAIT bound to: 3'b101 
	Parameter S_WR_DONE bound to: 3'b110 
	Parameter S_RD_IDLE bound to: 3'b000 
	Parameter S_RA_WAIT bound to: 3'b001 
	Parameter S_RA_START bound to: 3'b010 
	Parameter S_RD_WAIT bound to: 3'b011 
	Parameter S_RD_PROC bound to: 3'b100 
	Parameter S_RD_DONE bound to: 3'b101 
INFO: [Synth 8-155] case statement is not full and has no default [F:/AD/Artix7-7103/01_demo_document/ad9280_ethernet/adc_ethernet.srcs/sources_1/aq_axi_master.v:309]
WARNING: [Synth 8-6014] Unused sequential element reg_w_stb_reg was removed.  [F:/AD/Artix7-7103/01_demo_document/ad9280_ethernet/adc_ethernet.srcs/sources_1/aq_axi_master.v:176]
WARNING: [Synth 8-6014] Unused sequential element reg_wr_status_reg was removed.  [F:/AD/Artix7-7103/01_demo_document/ad9280_ethernet/adc_ethernet.srcs/sources_1/aq_axi_master.v:177]
WARNING: [Synth 8-6014] Unused sequential element reg_w_count_reg was removed.  [F:/AD/Artix7-7103/01_demo_document/ad9280_ethernet/adc_ethernet.srcs/sources_1/aq_axi_master.v:178]
WARNING: [Synth 8-6014] Unused sequential element reg_r_count_reg was removed.  [F:/AD/Artix7-7103/01_demo_document/ad9280_ethernet/adc_ethernet.srcs/sources_1/aq_axi_master.v:179]
WARNING: [Synth 8-6014] Unused sequential element wr_chkdata_reg was removed.  [F:/AD/Artix7-7103/01_demo_document/ad9280_ethernet/adc_ethernet.srcs/sources_1/aq_axi_master.v:180]
WARNING: [Synth 8-6014] Unused sequential element rd_chkdata_reg was removed.  [F:/AD/Artix7-7103/01_demo_document/ad9280_ethernet/adc_ethernet.srcs/sources_1/aq_axi_master.v:181]
WARNING: [Synth 8-6014] Unused sequential element resp_reg was removed.  [F:/AD/Artix7-7103/01_demo_document/ad9280_ethernet/adc_ethernet.srcs/sources_1/aq_axi_master.v:182]
WARNING: [Synth 8-5788] Register reg_r_last_reg in module aq_axi_master is has both Set and reset with same priority. This may cause simulation mismatches. Consider rewriting code  [F:/AD/Artix7-7103/01_demo_document/ad9280_ethernet/adc_ethernet.srcs/sources_1/aq_axi_master.v:329]
INFO: [Synth 8-6155] done synthesizing module 'aq_axi_master' (41#1) [F:/AD/Artix7-7103/01_demo_document/ad9280_ethernet/adc_ethernet.srcs/sources_1/aq_axi_master.v:39]
WARNING: [Synth 8-689] width (4) of port connection 'M_AXI_AWID' does not match port width (1) of module 'aq_axi_master' [F:/AD/Artix7-7103/01_demo_document/ad9280_ethernet/adc_ethernet.srcs/sources_1/top.v:479]
WARNING: [Synth 8-689] width (64) of port connection 'M_AXI_AWADDR' does not match port width (32) of module 'aq_axi_master' [F:/AD/Artix7-7103/01_demo_document/ad9280_ethernet/adc_ethernet.srcs/sources_1/top.v:480]
WARNING: [Synth 8-689] width (4) of port connection 'M_AXI_BID' does not match port width (1) of module 'aq_axi_master' [F:/AD/Artix7-7103/01_demo_document/ad9280_ethernet/adc_ethernet.srcs/sources_1/top.v:497]
WARNING: [Synth 8-689] width (4) of port connection 'M_AXI_ARID' does not match port width (1) of module 'aq_axi_master' [F:/AD/Artix7-7103/01_demo_document/ad9280_ethernet/adc_ethernet.srcs/sources_1/top.v:502]
WARNING: [Synth 8-689] width (64) of port connection 'M_AXI_ARADDR' does not match port width (32) of module 'aq_axi_master' [F:/AD/Artix7-7103/01_demo_document/ad9280_ethernet/adc_ethernet.srcs/sources_1/top.v:503]
WARNING: [Synth 8-689] width (4) of port connection 'M_AXI_RID' does not match port width (1) of module 'aq_axi_master' [F:/AD/Artix7-7103/01_demo_document/ad9280_ethernet/adc_ethernet.srcs/sources_1/top.v:514]
WARNING: [Synth 8-3848] Net rgmii2_txd in module/entity top does not have driver. [F:/AD/Artix7-7103/01_demo_document/ad9280_ethernet/adc_ethernet.srcs/sources_1/top.v:49]
WARNING: [Synth 8-3848] Net rgmii2_txctl in module/entity top does not have driver. [F:/AD/Artix7-7103/01_demo_document/ad9280_ethernet/adc_ethernet.srcs/sources_1/top.v:50]
WARNING: [Synth 8-3848] Net rgmii2_txc in module/entity top does not have driver. [F:/AD/Artix7-7103/01_demo_document/ad9280_ethernet/adc_ethernet.srcs/sources_1/top.v:51]
WARNING: [Synth 8-3848] Net s00_axi_buser in module/entity top does not have driver. [F:/AD/Artix7-7103/01_demo_document/ad9280_ethernet/adc_ethernet.srcs/sources_1/top.v:127]
WARNING: [Synth 8-3848] Net s00_axi_ruser in module/entity top does not have driver. [F:/AD/Artix7-7103/01_demo_document/ad9280_ethernet/adc_ethernet.srcs/sources_1/top.v:148]
INFO: [Synth 8-6155] done synthesizing module 'top' (42#1) [F:/AD/Artix7-7103/01_demo_document/ad9280_ethernet/adc_ethernet.srcs/sources_1/top.v:30]
WARNING: [Synth 8-3331] design aq_axi_master has unconnected port M_AXI_BID[0]
WARNING: [Synth 8-3331] design aq_axi_master has unconnected port M_AXI_BRESP[1]
WARNING: [Synth 8-3331] design aq_axi_master has unconnected port M_AXI_BRESP[0]
WARNING: [Synth 8-3331] design aq_axi_master has unconnected port M_AXI_BUSER[0]
WARNING: [Synth 8-3331] design aq_axi_master has unconnected port M_AXI_RID[0]
WARNING: [Synth 8-3331] design aq_axi_master has unconnected port M_AXI_RRESP[1]
WARNING: [Synth 8-3331] design aq_axi_master has unconnected port M_AXI_RRESP[0]
WARNING: [Synth 8-3331] design aq_axi_master has unconnected port M_AXI_RUSER[0]
WARNING: [Synth 8-3331] design frame_fifo_write has unconnected port wr_burst_data_req
WARNING: [Synth 8-3331] design icmp_reply has unconnected port icmp_tx_end
WARNING: [Synth 8-3331] design udp_tx has unconnected port udp_ram_data_req
WARNING: [Synth 8-3331] design udp_tx has unconnected port udp_tx_end
WARNING: [Synth 8-3331] design udp_tx has unconnected port source_ip_addr[31]
WARNING: [Synth 8-3331] design udp_tx has unconnected port source_ip_addr[30]
WARNING: [Synth 8-3331] design udp_tx has unconnected port source_ip_addr[29]
WARNING: [Synth 8-3331] design udp_tx has unconnected port source_ip_addr[28]
WARNING: [Synth 8-3331] design udp_tx has unconnected port source_ip_addr[27]
WARNING: [Synth 8-3331] design udp_tx has unconnected port source_ip_addr[26]
WARNING: [Synth 8-3331] design udp_tx has unconnected port source_ip_addr[25]
WARNING: [Synth 8-3331] design udp_tx has unconnected port source_ip_addr[24]
WARNING: [Synth 8-3331] design udp_tx has unconnected port source_ip_addr[23]
WARNING: [Synth 8-3331] design udp_tx has unconnected port source_ip_addr[22]
WARNING: [Synth 8-3331] design udp_tx has unconnected port source_ip_addr[21]
WARNING: [Synth 8-3331] design udp_tx has unconnected port source_ip_addr[20]
WARNING: [Synth 8-3331] design udp_tx has unconnected port source_ip_addr[19]
WARNING: [Synth 8-3331] design udp_tx has unconnected port source_ip_addr[18]
WARNING: [Synth 8-3331] design udp_tx has unconnected port source_ip_addr[17]
WARNING: [Synth 8-3331] design udp_tx has unconnected port source_ip_addr[16]
WARNING: [Synth 8-3331] design udp_tx has unconnected port source_ip_addr[15]
WARNING: [Synth 8-3331] design udp_tx has unconnected port source_ip_addr[14]
WARNING: [Synth 8-3331] design udp_tx has unconnected port source_ip_addr[13]
WARNING: [Synth 8-3331] design udp_tx has unconnected port source_ip_addr[12]
WARNING: [Synth 8-3331] design udp_tx has unconnected port source_ip_addr[11]
WARNING: [Synth 8-3331] design udp_tx has unconnected port source_ip_addr[10]
WARNING: [Synth 8-3331] design udp_tx has unconnected port source_ip_addr[9]
WARNING: [Synth 8-3331] design udp_tx has unconnected port source_ip_addr[8]
WARNING: [Synth 8-3331] design udp_tx has unconnected port source_ip_addr[7]
WARNING: [Synth 8-3331] design udp_tx has unconnected port source_ip_addr[6]
WARNING: [Synth 8-3331] design udp_tx has unconnected port source_ip_addr[5]
WARNING: [Synth 8-3331] design udp_tx has unconnected port source_ip_addr[4]
WARNING: [Synth 8-3331] design udp_tx has unconnected port source_ip_addr[3]
WARNING: [Synth 8-3331] design udp_tx has unconnected port source_ip_addr[2]
WARNING: [Synth 8-3331] design udp_tx has unconnected port source_ip_addr[1]
WARNING: [Synth 8-3331] design udp_tx has unconnected port source_ip_addr[0]
WARNING: [Synth 8-3331] design udp_tx has unconnected port destination_ip_addr[31]
WARNING: [Synth 8-3331] design udp_tx has unconnected port destination_ip_addr[30]
WARNING: [Synth 8-3331] design udp_tx has unconnected port destination_ip_addr[29]
WARNING: [Synth 8-3331] design udp_tx has unconnected port destination_ip_addr[28]
WARNING: [Synth 8-3331] design udp_tx has unconnected port destination_ip_addr[27]
WARNING: [Synth 8-3331] design udp_tx has unconnected port destination_ip_addr[26]
WARNING: [Synth 8-3331] design udp_tx has unconnected port destination_ip_addr[25]
WARNING: [Synth 8-3331] design udp_tx has unconnected port destination_ip_addr[24]
WARNING: [Synth 8-3331] design udp_tx has unconnected port destination_ip_addr[23]
WARNING: [Synth 8-3331] design udp_tx has unconnected port destination_ip_addr[22]
WARNING: [Synth 8-3331] design udp_tx has unconnected port destination_ip_addr[21]
WARNING: [Synth 8-3331] design udp_tx has unconnected port destination_ip_addr[20]
WARNING: [Synth 8-3331] design udp_tx has unconnected port destination_ip_addr[19]
WARNING: [Synth 8-3331] design udp_tx has unconnected port destination_ip_addr[18]
WARNING: [Synth 8-3331] design udp_tx has unconnected port destination_ip_addr[17]
WARNING: [Synth 8-3331] design udp_tx has unconnected port destination_ip_addr[16]
WARNING: [Synth 8-3331] design udp_tx has unconnected port destination_ip_addr[15]
WARNING: [Synth 8-3331] design udp_tx has unconnected port destination_ip_addr[14]
WARNING: [Synth 8-3331] design udp_tx has unconnected port destination_ip_addr[13]
WARNING: [Synth 8-3331] design udp_tx has unconnected port destination_ip_addr[12]
WARNING: [Synth 8-3331] design udp_tx has unconnected port destination_ip_addr[11]
WARNING: [Synth 8-3331] design udp_tx has unconnected port destination_ip_addr[10]
WARNING: [Synth 8-3331] design udp_tx has unconnected port destination_ip_addr[9]
WARNING: [Synth 8-3331] design udp_tx has unconnected port destination_ip_addr[8]
WARNING: [Synth 8-3331] design udp_tx has unconnected port destination_ip_addr[7]
WARNING: [Synth 8-3331] design udp_tx has unconnected port destination_ip_addr[6]
WARNING: [Synth 8-3331] design udp_tx has unconnected port destination_ip_addr[5]
WARNING: [Synth 8-3331] design udp_tx has unconnected port destination_ip_addr[4]
WARNING: [Synth 8-3331] design udp_tx has unconnected port destination_ip_addr[3]
WARNING: [Synth 8-3331] design udp_tx has unconnected port destination_ip_addr[2]
WARNING: [Synth 8-3331] design udp_tx has unconnected port destination_ip_addr[1]
WARNING: [Synth 8-3331] design udp_tx has unconnected port destination_ip_addr[0]
WARNING: [Synth 8-3331] design udp_tx has unconnected port ram_wr_data[7]
WARNING: [Synth 8-3331] design udp_tx has unconnected port ram_wr_data[6]
WARNING: [Synth 8-3331] design udp_tx has unconnected port ram_wr_data[5]
WARNING: [Synth 8-3331] design udp_tx has unconnected port ram_wr_data[4]
WARNING: [Synth 8-3331] design udp_tx has unconnected port ram_wr_data[3]
WARNING: [Synth 8-3331] design udp_tx has unconnected port ram_wr_data[2]
WARNING: [Synth 8-3331] design udp_tx has unconnected port ram_wr_data[1]
WARNING: [Synth 8-3331] design udp_tx has unconnected port ram_wr_data[0]
WARNING: [Synth 8-3331] design udp_tx has unconnected port ram_wr_en
WARNING: [Synth 8-3331] design ip_tx has unconnected port ip_tx_busy
WARNING: [Synth 8-3331] design mac_tx_top has unconnected port icmp_tx_end
WARNING: [Synth 8-3331] design eth_top has unconnected port fifo_data_count[11]
WARNING: [Synth 8-3331] design util_gmii_to_rgmii has unconnected port speed_selection[1]
WARNING: [Synth 8-3331] design util_gmii_to_rgmii has unconnected port speed_selection[0]
WARNING: [Synth 8-3331] design top has unconnected port rgmii2_txd[3]
WARNING: [Synth 8-3331] design top has unconnected port rgmii2_txd[2]
WARNING: [Synth 8-3331] design top has unconnected port rgmii2_txd[1]
WARNING: [Synth 8-3331] design top has unconnected port rgmii2_txd[0]
WARNING: [Synth 8-3331] design top has unconnected port rgmii2_txctl
WARNING: [Synth 8-3331] design top has unconnected port rgmii2_txc
WARNING: [Synth 8-3331] design top has unconnected port rgmii2_rxd[3]
WARNING: [Synth 8-3331] design top has unconnected port rgmii2_rxd[2]
WARNING: [Synth 8-3331] design top has unconnected port rgmii2_rxd[1]
WARNING: [Synth 8-3331] design top has unconnected port rgmii2_rxd[0]
INFO: [Common 17-14] Message 'Synth 8-3331' appears 100 times and further instances of the messages will be disabled. Use the Tcl command set_msg_config to change the current settings.
---------------------------------------------------------------------------------
Finished RTL Elaboration : Time (s): cpu = 00:00:01 ; elapsed = 00:00:04 . Memory (MB): peak = 2839.398 ; gain = 251.461
---------------------------------------------------------------------------------

Report Check Netlist: 
+------+------------------+-------+---------+-------+------------------+
|      |Item              |Errors |Warnings |Status |Description       |
+------+------------------+-------+---------+-------+------------------+
|1     |multi_driven_nets |      0|        0|Passed |Multi driven nets |
+------+------------------+-------+---------+-------+------------------+
---------------------------------------------------------------------------------
Start Handling Custom Attributes
---------------------------------------------------------------------------------
---------------------------------------------------------------------------------
Finished Handling Custom Attributes : Time (s): cpu = 00:00:02 ; elapsed = 00:00:04 . Memory (MB): peak = 2857.328 ; gain = 269.391
---------------------------------------------------------------------------------
---------------------------------------------------------------------------------
Finished RTL Optimization Phase 1 : Time (s): cpu = 00:00:02 ; elapsed = 00:00:04 . Memory (MB): peak = 2857.328 ; gain = 269.391
---------------------------------------------------------------------------------
INFO: [Project 1-454] Reading design checkpoint 'f:/AD/Artix7-7103/01_demo_document/ad9280_ethernet/adc_ethernet.srcs/sources_1/ip/adc_pll/adc_pll.dcp' for cell 'adc_pll_m0'
INFO: [Project 1-454] Reading design checkpoint 'f:/AD/Artix7-7103/01_demo_document/ad9280_ethernet/adc_ethernet.srcs/sources_1/ip/ddr3/ddr3.dcp' for cell 'u_ddr3'
INFO: [Project 1-454] Reading design checkpoint 'f:/AD/Artix7-7103/01_demo_document/ad9280_ethernet/adc_ethernet.srcs/sources_1/ip/afifo_16i_64o_512/afifo_16i_64o_512.dcp' for cell 'frame_read_write_m0/write_buf'
INFO: [Project 1-454] Reading design checkpoint 'f:/AD/Artix7-7103/01_demo_document/ad9280_ethernet/adc_ethernet.srcs/sources_1/ip/afifo_64i_16o_128/afifo_64i_16o_128.dcp' for cell 'frame_read_write_m0/read_buf'
INFO: [Netlist 29-17] Analyzing 598 Unisim elements for replacement
INFO: [Netlist 29-28] Unisim Transformation completed in 0 CPU seconds
INFO: [Project 1-479] Netlist was created with Vivado 2019.1
INFO: [Project 1-570] Preparing netlist for logic optimization
INFO: [Opt 31-140] Inserted 7 IBUFs to IO ports without IO buffers.
INFO: [Opt 31-141] Inserted 9 OBUFs to IO ports without IO buffers.

Processing XDC Constraints
Initializing timing engine
Parsing XDC File [f:/AD/Artix7-7103/01_demo_document/ad9280_ethernet/adc_ethernet.srcs/sources_1/ip/ddr3/ddr3/user_design/constraints/ddr3.xdc] for cell 'u_ddr3'
WARNING: [Designutils 20-1567] Use of 'set_multicycle_path' with '-hold' is not supported by synthesis. The constraint will not be passed to synthesis. [f:/AD/Artix7-7103/01_demo_document/ad9280_ethernet/adc_ethernet.srcs/sources_1/ip/ddr3/ddr3/user_design/constraints/ddr3.xdc:493]
WARNING: [Designutils 20-1567] Use of 'set_multicycle_path' with '-hold' is not supported by synthesis. The constraint will not be passed to synthesis. [f:/AD/Artix7-7103/01_demo_document/ad9280_ethernet/adc_ethernet.srcs/sources_1/ip/ddr3/ddr3/user_design/constraints/ddr3.xdc:500]
Finished Parsing XDC File [f:/AD/Artix7-7103/01_demo_document/ad9280_ethernet/adc_ethernet.srcs/sources_1/ip/ddr3/ddr3/user_design/constraints/ddr3.xdc] for cell 'u_ddr3'
INFO: [Project 1-236] Implementation specific constraints were found while reading constraint file [f:/AD/Artix7-7103/01_demo_document/ad9280_ethernet/adc_ethernet.srcs/sources_1/ip/ddr3/ddr3/user_design/constraints/ddr3.xdc]. These constraints will be ignored for synthesis but will be used in implementation. Impacted constraints are listed in the file [.Xil/top_propImpl.xdc].
Resolution: To avoid this warning, move constraints listed in [.Xil/top_propImpl.xdc] to another XDC file and exclude this new file from synthesis with the used_in_synthesis property (File Properties dialog in GUI) and re-run elaboration/synthesis.
Parsing XDC File [f:/AD/Artix7-7103/01_demo_document/ad9280_ethernet/adc_ethernet.srcs/sources_1/ip/afifo_16i_64o_512/afifo_16i_64o_512.xdc] for cell 'frame_read_write_m0/write_buf/U0'
Finished Parsing XDC File [f:/AD/Artix7-7103/01_demo_document/ad9280_ethernet/adc_ethernet.srcs/sources_1/ip/afifo_16i_64o_512/afifo_16i_64o_512.xdc] for cell 'frame_read_write_m0/write_buf/U0'
Parsing XDC File [f:/AD/Artix7-7103/01_demo_document/ad9280_ethernet/adc_ethernet.srcs/sources_1/ip/adc_pll/adc_pll_board.xdc] for cell 'adc_pll_m0/inst'
Finished Parsing XDC File [f:/AD/Artix7-7103/01_demo_document/ad9280_ethernet/adc_ethernet.srcs/sources_1/ip/adc_pll/adc_pll_board.xdc] for cell 'adc_pll_m0/inst'
Parsing XDC File [f:/AD/Artix7-7103/01_demo_document/ad9280_ethernet/adc_ethernet.srcs/sources_1/ip/adc_pll/adc_pll.xdc] for cell 'adc_pll_m0/inst'
Finished Parsing XDC File [f:/AD/Artix7-7103/01_demo_document/ad9280_ethernet/adc_ethernet.srcs/sources_1/ip/adc_pll/adc_pll.xdc] for cell 'adc_pll_m0/inst'
Parsing XDC File [f:/AD/Artix7-7103/01_demo_document/ad9280_ethernet/adc_ethernet.srcs/sources_1/ip/afifo_64i_16o_128/afifo_64i_16o_128.xdc] for cell 'frame_read_write_m0/read_buf/U0'
Finished Parsing XDC File [f:/AD/Artix7-7103/01_demo_document/ad9280_ethernet/adc_ethernet.srcs/sources_1/ip/afifo_64i_16o_128/afifo_64i_16o_128.xdc] for cell 'frame_read_write_m0/read_buf/U0'
Parsing XDC File [F:/AD/Artix7-7103/01_demo_document/ad9280_ethernet/adc_ethernet.srcs/constrs_1/new/adc_ethernet.xdc]
WARNING: [Designutils 20-1567] Use of 'set_false_path' with '-reset_path' is not supported by synthesis. The constraint will not be passed to synthesis. [F:/AD/Artix7-7103/01_demo_document/ad9280_ethernet/adc_ethernet.srcs/constrs_1/new/adc_ethernet.xdc:109]
WARNING: [Designutils 20-1567] Use of 'set_false_path' with '-reset_path' is not supported by synthesis. The constraint will not be passed to synthesis. [F:/AD/Artix7-7103/01_demo_document/ad9280_ethernet/adc_ethernet.srcs/constrs_1/new/adc_ethernet.xdc:110]
WARNING: [Designutils 20-1567] Use of 'set_false_path' with '-reset_path' is not supported by synthesis. The constraint will not be passed to synthesis. [F:/AD/Artix7-7103/01_demo_document/ad9280_ethernet/adc_ethernet.srcs/constrs_1/new/adc_ethernet.xdc:111]
WARNING: [Designutils 20-1567] Use of 'set_false_path' with '-reset_path' is not supported by synthesis. The constraint will not be passed to synthesis. [F:/AD/Artix7-7103/01_demo_document/ad9280_ethernet/adc_ethernet.srcs/constrs_1/new/adc_ethernet.xdc:112]
WARNING: [Designutils 20-1567] Use of 'set_false_path' with '-reset_path' is not supported by synthesis. The constraint will not be passed to synthesis. [F:/AD/Artix7-7103/01_demo_document/ad9280_ethernet/adc_ethernet.srcs/constrs_1/new/adc_ethernet.xdc:113]
WARNING: [Designutils 20-1567] Use of 'set_false_path' with '-reset_path' is not supported by synthesis. The constraint will not be passed to synthesis. [F:/AD/Artix7-7103/01_demo_document/ad9280_ethernet/adc_ethernet.srcs/constrs_1/new/adc_ethernet.xdc:114]
Finished Parsing XDC File [F:/AD/Artix7-7103/01_demo_document/ad9280_ethernet/adc_ethernet.srcs/constrs_1/new/adc_ethernet.xdc]
INFO: [Project 1-236] Implementation specific constraints were found while reading constraint file [F:/AD/Artix7-7103/01_demo_document/ad9280_ethernet/adc_ethernet.srcs/constrs_1/new/adc_ethernet.xdc]. These constraints will be ignored for synthesis but will be used in implementation. Impacted constraints are listed in the file [.Xil/top_propImpl.xdc].
Resolution: To avoid this warning, move constraints listed in [.Xil/top_propImpl.xdc] to another XDC file and exclude this new file from synthesis with the used_in_synthesis property (File Properties dialog in GUI) and re-run elaboration/synthesis.
INFO: [Timing 38-2] Deriving generated clocks
Parsing XDC File [f:/AD/Artix7-7103/01_demo_document/ad9280_ethernet/adc_ethernet.srcs/sources_1/ip/afifo_16i_64o_512/afifo_16i_64o_512_clocks.xdc] for cell 'frame_read_write_m0/write_buf/U0'
Finished Parsing XDC File [f:/AD/Artix7-7103/01_demo_document/ad9280_ethernet/adc_ethernet.srcs/sources_1/ip/afifo_16i_64o_512/afifo_16i_64o_512_clocks.xdc] for cell 'frame_read_write_m0/write_buf/U0'
Parsing XDC File [f:/AD/Artix7-7103/01_demo_document/ad9280_ethernet/adc_ethernet.srcs/sources_1/ip/adc_pll/adc_pll_late.xdc] for cell 'adc_pll_m0/inst'
Finished Parsing XDC File [f:/AD/Artix7-7103/01_demo_document/ad9280_ethernet/adc_ethernet.srcs/sources_1/ip/adc_pll/adc_pll_late.xdc] for cell 'adc_pll_m0/inst'
Parsing XDC File [f:/AD/Artix7-7103/01_demo_document/ad9280_ethernet/adc_ethernet.srcs/sources_1/ip/afifo_64i_16o_128/afifo_64i_16o_128_clocks.xdc] for cell 'frame_read_write_m0/read_buf/U0'
Finished Parsing XDC File [f:/AD/Artix7-7103/01_demo_document/ad9280_ethernet/adc_ethernet.srcs/sources_1/ip/afifo_64i_16o_128/afifo_64i_16o_128_clocks.xdc] for cell 'frame_read_write_m0/read_buf/U0'
Sourcing Tcl File [E:/xilinx_SDK/Vivado/2019.1/data/ip/xpm/xpm_cdc/tcl/xpm_cdc_async_rst.tcl] for cell 'frame_read_write_m0/write_buf/U0/inst_fifo_gen/gconvfifo.rf/grf.rf/rstblk/ngwrdrst.grst.g7serrst.gnsckt_wrst.gic_rst.rst_rd_reg2_inst'
Finished Sourcing Tcl File [E:/xilinx_SDK/Vivado/2019.1/data/ip/xpm/xpm_cdc/tcl/xpm_cdc_async_rst.tcl] for cell 'frame_read_write_m0/write_buf/U0/inst_fifo_gen/gconvfifo.rf/grf.rf/rstblk/ngwrdrst.grst.g7serrst.gnsckt_wrst.gic_rst.rst_rd_reg2_inst'
Sourcing Tcl File [E:/xilinx_SDK/Vivado/2019.1/data/ip/xpm/xpm_cdc/tcl/xpm_cdc_async_rst.tcl] for cell 'frame_read_write_m0/write_buf/U0/inst_fifo_gen/gconvfifo.rf/grf.rf/rstblk/ngwrdrst.grst.g7serrst.gnsckt_wrst.rst_wr_reg2_inst'
Finished Sourcing Tcl File [E:/xilinx_SDK/Vivado/2019.1/data/ip/xpm/xpm_cdc/tcl/xpm_cdc_async_rst.tcl] for cell 'frame_read_write_m0/write_buf/U0/inst_fifo_gen/gconvfifo.rf/grf.rf/rstblk/ngwrdrst.grst.g7serrst.gnsckt_wrst.rst_wr_reg2_inst'
INFO: [Project 1-236] Implementation specific constraints were found while reading constraint file [E:/xilinx_SDK/Vivado/2019.1/data/ip/xpm/xpm_cdc/tcl/xpm_cdc_async_rst.tcl]. These constraints will be ignored for synthesis but will be used in implementation. Impacted constraints are listed in the file [.Xil/top_propImpl.xdc].
Resolution: To avoid this warning, move constraints listed in [.Xil/top_propImpl.xdc] to another XDC file and exclude this new file from synthesis with the used_in_synthesis property (File Properties dialog in GUI) and re-run elaboration/synthesis.
Sourcing Tcl File [E:/xilinx_SDK/Vivado/2019.1/data/ip/xpm/xpm_cdc/tcl/xpm_cdc_gray.tcl] for cell 'frame_read_write_m0/write_buf/U0/inst_fifo_gen/gconvfifo.rf/grf.rf/gntv_or_sync_fifo.gcx.clkx/wr_pntr_cdc_inst'
Finished Sourcing Tcl File [E:/xilinx_SDK/Vivado/2019.1/data/ip/xpm/xpm_cdc/tcl/xpm_cdc_gray.tcl] for cell 'frame_read_write_m0/write_buf/U0/inst_fifo_gen/gconvfifo.rf/grf.rf/gntv_or_sync_fifo.gcx.clkx/wr_pntr_cdc_inst'
Sourcing Tcl File [E:/xilinx_SDK/Vivado/2019.1/data/ip/xpm/xpm_cdc/tcl/xpm_cdc_gray.tcl] for cell 'frame_read_write_m0/write_buf/U0/inst_fifo_gen/gconvfifo.rf/grf.rf/gntv_or_sync_fifo.gcx.clkx/rd_pntr_cdc_inst'
Finished Sourcing Tcl File [E:/xilinx_SDK/Vivado/2019.1/data/ip/xpm/xpm_cdc/tcl/xpm_cdc_gray.tcl] for cell 'frame_read_write_m0/write_buf/U0/inst_fifo_gen/gconvfifo.rf/grf.rf/gntv_or_sync_fifo.gcx.clkx/rd_pntr_cdc_inst'
Sourcing Tcl File [E:/xilinx_SDK/Vivado/2019.1/data/ip/xpm/xpm_cdc/tcl/xpm_cdc_gray.tcl] for cell 'frame_read_write_m0/read_buf/U0/inst_fifo_gen/gconvfifo.rf/grf.rf/gntv_or_sync_fifo.gcx.clkx/wr_pntr_cdc_inst'
Finished Sourcing Tcl File [E:/xilinx_SDK/Vivado/2019.1/data/ip/xpm/xpm_cdc/tcl/xpm_cdc_gray.tcl] for cell 'frame_read_write_m0/read_buf/U0/inst_fifo_gen/gconvfifo.rf/grf.rf/gntv_or_sync_fifo.gcx.clkx/wr_pntr_cdc_inst'
Sourcing Tcl File [E:/xilinx_SDK/Vivado/2019.1/data/ip/xpm/xpm_cdc/tcl/xpm_cdc_gray.tcl] for cell 'frame_read_write_m0/read_buf/U0/inst_fifo_gen/gconvfifo.rf/grf.rf/gntv_or_sync_fifo.gcx.clkx/rd_pntr_cdc_inst'
Finished Sourcing Tcl File [E:/xilinx_SDK/Vivado/2019.1/data/ip/xpm/xpm_cdc/tcl/xpm_cdc_gray.tcl] for cell 'frame_read_write_m0/read_buf/U0/inst_fifo_gen/gconvfifo.rf/grf.rf/gntv_or_sync_fifo.gcx.clkx/rd_pntr_cdc_inst'
INFO: [Project 1-236] Implementation specific constraints were found while reading constraint file [E:/xilinx_SDK/Vivado/2019.1/data/ip/xpm/xpm_cdc/tcl/xpm_cdc_gray.tcl]. These constraints will be ignored for synthesis but will be used in implementation. Impacted constraints are listed in the file [.Xil/top_propImpl.xdc].
Resolution: To avoid this warning, move constraints listed in [.Xil/top_propImpl.xdc] to another XDC file and exclude this new file from synthesis with the used_in_synthesis property (File Properties dialog in GUI) and re-run elaboration/synthesis.
Sourcing Tcl File [E:/xilinx_SDK/Vivado/2019.1/data/ip/xpm/xpm_cdc/tcl/xpm_cdc_single.tcl] for cell 'frame_read_write_m0/write_buf/U0/inst_fifo_gen/gconvfifo.rf/grf.rf/rstblk/ngwrdrst.grst.g7serrst.gnsckt_wrst.gic_rst.xpm_cdc_single_inst_rrst_wr'
Finished Sourcing Tcl File [E:/xilinx_SDK/Vivado/2019.1/data/ip/xpm/xpm_cdc/tcl/xpm_cdc_single.tcl] for cell 'frame_read_write_m0/write_buf/U0/inst_fifo_gen/gconvfifo.rf/grf.rf/rstblk/ngwrdrst.grst.g7serrst.gnsckt_wrst.gic_rst.xpm_cdc_single_inst_rrst_wr'
Sourcing Tcl File [E:/xilinx_SDK/Vivado/2019.1/data/ip/xpm/xpm_cdc/tcl/xpm_cdc_single.tcl] for cell 'frame_read_write_m0/write_buf/U0/inst_fifo_gen/gconvfifo.rf/grf.rf/rstblk/ngwrdrst.grst.g7serrst.gnsckt_wrst.gic_rst.xpm_cdc_single_inst_wrst_rd'
Finished Sourcing Tcl File [E:/xilinx_SDK/Vivado/2019.1/data/ip/xpm/xpm_cdc/tcl/xpm_cdc_single.tcl] for cell 'frame_read_write_m0/write_buf/U0/inst_fifo_gen/gconvfifo.rf/grf.rf/rstblk/ngwrdrst.grst.g7serrst.gnsckt_wrst.gic_rst.xpm_cdc_single_inst_wrst_rd'
Sourcing Tcl File [E:/xilinx_SDK/Vivado/2019.1/data/ip/xpm/xpm_cdc/tcl/xpm_cdc_single.tcl] for cell 'frame_read_write_m0/read_buf/U0/inst_fifo_gen/gconvfifo.rf/grf.rf/rstblk/ngwrdrst.grst.g7serrst.gsckt_wrst.gic_rst.xpm_cdc_single_inst_rrst_wr'
Finished Sourcing Tcl File [E:/xilinx_SDK/Vivado/2019.1/data/ip/xpm/xpm_cdc/tcl/xpm_cdc_single.tcl] for cell 'frame_read_write_m0/read_buf/U0/inst_fifo_gen/gconvfifo.rf/grf.rf/rstblk/ngwrdrst.grst.g7serrst.gsckt_wrst.gic_rst.xpm_cdc_single_inst_rrst_wr'
Sourcing Tcl File [E:/xilinx_SDK/Vivado/2019.1/data/ip/xpm/xpm_cdc/tcl/xpm_cdc_single.tcl] for cell 'frame_read_write_m0/read_buf/U0/inst_fifo_gen/gconvfifo.rf/grf.rf/rstblk/ngwrdrst.grst.g7serrst.gsckt_wrst.gic_rst.xpm_cdc_single_inst_wrst_rd'
Finished Sourcing Tcl File [E:/xilinx_SDK/Vivado/2019.1/data/ip/xpm/xpm_cdc/tcl/xpm_cdc_single.tcl] for cell 'frame_read_write_m0/read_buf/U0/inst_fifo_gen/gconvfifo.rf/grf.rf/rstblk/ngwrdrst.grst.g7serrst.gsckt_wrst.gic_rst.xpm_cdc_single_inst_wrst_rd'
INFO: [Project 1-236] Implementation specific constraints were found while reading constraint file [E:/xilinx_SDK/Vivado/2019.1/data/ip/xpm/xpm_cdc/tcl/xpm_cdc_single.tcl]. These constraints will be ignored for synthesis but will be used in implementation. Impacted constraints are listed in the file [.Xil/top_propImpl.xdc].
Resolution: To avoid this warning, move constraints listed in [.Xil/top_propImpl.xdc] to another XDC file and exclude this new file from synthesis with the used_in_synthesis property (File Properties dialog in GUI) and re-run elaboration/synthesis.
Sourcing Tcl File [E:/xilinx_SDK/Vivado/2019.1/data/ip/xpm/xpm_cdc/tcl/xpm_cdc_sync_rst.tcl] for cell 'frame_read_write_m0/read_buf/U0/inst_fifo_gen/gconvfifo.rf/grf.rf/rstblk/ngwrdrst.grst.g7serrst.gsckt_wrst.gic_rst.xpm_cdc_sync_rst_inst_wrst'
Finished Sourcing Tcl File [E:/xilinx_SDK/Vivado/2019.1/data/ip/xpm/xpm_cdc/tcl/xpm_cdc_sync_rst.tcl] for cell 'frame_read_write_m0/read_buf/U0/inst_fifo_gen/gconvfifo.rf/grf.rf/rstblk/ngwrdrst.grst.g7serrst.gsckt_wrst.gic_rst.xpm_cdc_sync_rst_inst_wrst'
Sourcing Tcl File [E:/xilinx_SDK/Vivado/2019.1/data/ip/xpm/xpm_cdc/tcl/xpm_cdc_sync_rst.tcl] for cell 'frame_read_write_m0/read_buf/U0/inst_fifo_gen/gconvfifo.rf/grf.rf/rstblk/ngwrdrst.grst.g7serrst.gsckt_wrst.xpm_cdc_sync_rst_inst_wrst'
Finished Sourcing Tcl File [E:/xilinx_SDK/Vivado/2019.1/data/ip/xpm/xpm_cdc/tcl/xpm_cdc_sync_rst.tcl] for cell 'frame_read_write_m0/read_buf/U0/inst_fifo_gen/gconvfifo.rf/grf.rf/rstblk/ngwrdrst.grst.g7serrst.gsckt_wrst.xpm_cdc_sync_rst_inst_wrst'
Completed Processing XDC Constraints

INFO: [Opt 31-138] Pushed 0 inverter(s) to 0 load pin(s).
Netlist sorting complete. Time (s): cpu = 00:00:00 ; elapsed = 00:00:00.006 . Memory (MB): peak = 3058.590 ; gain = 0.000
INFO: [Project 1-111] Unisim Transformation Summary:
  A total of 297 instances were transformed.
  IBUFGDS => IBUFDS: 1 instances
  IOBUF => IOBUF (IBUF, OBUFT): 2 instances
  IOBUFDS_DIFF_OUT_INTERMDISABLE => IOBUFDS_DIFF_OUT_INTERMDISABLE (IBUFDS_INTERMDISABLE_INT, IBUFDS_INTERMDISABLE_INT, INV, OBUFTDS, OBUFTDS): 4 instances
  IOBUF_INTERMDISABLE => IOBUF_INTERMDISABLE (IBUF_INTERMDISABLE, OBUFT): 32 instances
  LUT6_2 => LUT6_2 (LUT5, LUT6): 26 instances
  OBUFDS => OBUFDS_DUAL_BUF (INV, OBUFDS, OBUFDS): 1 instances
  RAM32M => RAM32M (RAMD32, RAMD32, RAMD32, RAMD32, RAMD32, RAMD32, RAMS32, RAMS32): 231 instances

RTL Elaboration Complete:  : Time (s): cpu = 00:00:08 ; elapsed = 00:00:14 . Memory (MB): peak = 3139.863 ; gain = 551.926
132 Infos, 168 Warnings, 0 Critical Warnings and 0 Errors encountered.
synth_design completed successfully
synth_design: Time (s): cpu = 00:00:12 ; elapsed = 00:00:27 . Memory (MB): peak = 3139.863 ; gain = 664.602
exit
INFO: [Common 17-206] Exiting Vivado at Tue Apr  1 13:52:18 2025...
